Component: ARM Compiler 5.06 update 3 (build 300) Tool: armlink [4d35c9]

==============================================================================

Section Cross References

    main.o(.text) refers to delay.o(.text) for delay_init
    main.o(.text) refers to usart.o(.text) for uart_init
    main.o(.text) refers to led.o(.text) for LED_Init
    main.o(.text) refers to pwm.o(.text) for TIM1_PWM_Init
    main.o(.text) refers to encoder.o(.text) for Encoder_Init_TIM2
    main.o(.text) refers to stm32f10x_tim.o(.text) for TIM_SetCompare1
    main.o(.text) refers to control.o(.text) for Move_Ctrl
    system_stm32f10x.o(.text) refers to system_stm32f10x.o(.data) for SystemCoreClock
    led.o(.text) refers to stm32f10x_rcc.o(.text) for RCC_APB2PeriphClockCmd
    led.o(.text) refers to stm32f10x_gpio.o(.text) for GPIO_Init
    pwm.o(.text) refers to stm32f10x_rcc.o(.text) for RCC_APB2PeriphClockCmd
    pwm.o(.text) refers to stm32f10x_gpio.o(.text) for GPIO_Init
    pwm.o(.text) refers to stm32f10x_tim.o(.text) for TIM_TimeBaseInit
    control.o(.text) refers to _printf_percent.o(.ARM.Collect$$_printf_percent$$00000000) for _printf_percent
    control.o(.text) refers to _printf_s.o(.ARM.Collect$$_printf_percent$$00000014) for _printf_s
    control.o(.text) refers to _printf_str.o(.text) for _printf_str
    control.o(.text) refers to _printf_f.o(.ARM.Collect$$_printf_percent$$00000003) for _printf_f
    control.o(.text) refers to printf1.o(x$fpl$printf1) for _printf_fp_dec
    control.o(.text) refers to _printf_d.o(.ARM.Collect$$_printf_percent$$00000009) for _printf_d
    control.o(.text) refers to _printf_dec.o(.text) for _printf_int_dec
    control.o(.text) refers to frleqf.o(x$fpl$frleqf) for __aeabi_cfrcmple
    control.o(.text) refers to feqf.o(x$fpl$feqf) for __aeabi_cfcmpeq
    control.o(.text) refers to faddsub_clz.o(x$fpl$fsub) for __aeabi_fsub
    control.o(.text) refers to fleqf.o(x$fpl$fleqf) for __aeabi_cfcmple
    control.o(.text) refers to faddsub_clz.o(x$fpl$fadd) for __aeabi_fadd
    control.o(.text) refers to fdiv.o(x$fpl$fdiv) for __aeabi_fdiv
    control.o(.text) refers to fmul.o(x$fpl$fmul) for __aeabi_fmul
    control.o(.text) refers to fflt_clz.o(x$fpl$fflt) for __aeabi_i2f
    control.o(.text) refers to ffix.o(x$fpl$ffix) for __aeabi_f2iz
    control.o(.text) refers to encoder.o(.text) for Read_Encoder
    control.o(.text) refers to usart.o(.text) for f_to_u
    control.o(.text) refers to noretval__2printf.o(.text) for __2printf
    control.o(.text) refers to control.o(.data) for i
    control.o(.text) refers to control.o(.bss) for last_spd_target
    control.o(.text) refers to control.o(.constdata) for Ky
    control.o(.text) refers to f2d.o(x$fpl$f2d) for __aeabi_f2d
    encoder.o(.text) refers to _printf_percent.o(.ARM.Collect$$_printf_percent$$00000000) for _printf_percent
    encoder.o(.text) refers to _printf_d.o(.ARM.Collect$$_printf_percent$$00000009) for _printf_d
    encoder.o(.text) refers to _printf_dec.o(.text) for _printf_int_dec
    encoder.o(.text) refers to stm32f10x_rcc.o(.text) for RCC_APB1PeriphClockCmd
    encoder.o(.text) refers to stm32f10x_gpio.o(.text) for GPIO_PinRemapConfig
    encoder.o(.text) refers to stm32f10x_tim.o(.text) for TIM_TimeBaseStructInit
    encoder.o(.text) refers to noretval__2printf.o(.text) for __2printf
    delay.o(.text) refers to misc.o(.text) for SysTick_CLKSourceConfig
    delay.o(.text) refers to system_stm32f10x.o(.data) for SystemCoreClock
    delay.o(.text) refers to delay.o(.data) for fac_us
    usart.o(.text) refers (Special) to use_no_semi_2.o(.text) for __use_no_semihosting
    usart.o(.text) refers to stm32f10x_rcc.o(.text) for RCC_APB2PeriphClockCmd
    usart.o(.text) refers to stm32f10x_gpio.o(.text) for GPIO_Init
    usart.o(.text) refers to misc.o(.text) for NVIC_Init
    usart.o(.text) refers to stm32f10x_usart.o(.text) for USART_Init
    usart.o(.text) refers to dflt_clz.o(x$fpl$dflt) for __aeabi_i2d
    usart.o(.text) refers to pow.o(i.pow) for pow
    usart.o(.text) refers to dmul.o(x$fpl$dmul) for __aeabi_dmul
    usart.o(.text) refers to f2d.o(x$fpl$f2d) for __aeabi_f2d
    usart.o(.text) refers to daddsub_clz.o(x$fpl$dadd) for __aeabi_dadd
    usart.o(.text) refers to d2f.o(x$fpl$d2f) for __aeabi_d2f
    usart.o(.text) refers to fflt_clz.o(x$fpl$fflt) for __aeabi_i2f
    usart.o(.text) refers to fmul.o(x$fpl$fmul) for __aeabi_fmul
    usart.o(.text) refers to dfix.o(x$fpl$dfix) for __aeabi_d2iz
    usart.o(.text) refers to dflt_clz.o(x$fpl$dfltu) for __aeabi_ui2d
    usart.o(.text) refers to floor.o(i.floor) for floor
    usart.o(.text) refers to dfixu.o(x$fpl$dfixu) for __aeabi_d2uiz
    usart.o(.text) refers to usart.o(.data) for USART_RX_STA
    usart.o(.text) refers to usart.o(.bss) for USART_RX_BUF
    usart.o(.text) refers to control.o(.data) for target_Vx
    usart.o(.text) refers to control.o(.bss) for target_wheel
[...]
    .ARM.Collect$$rtentry$$00000009          0x080001d8   Section        0  __rtentry2.o(.ARM.Collect$$rtentry$$00000009)
    .ARM.Collect$$rtentry$$0000000A          0x080001d8   Section        4  __rtentry2.o(.ARM.Collect$$rtentry$$0000000A)
    .ARM.Collect$$rtentry$$0000000C          0x080001dc   Section        0  __rtentry2.o(.ARM.Collect$$rtentry$$0000000C)
    .ARM.Collect$$rtentry$$0000000D          0x080001dc   Section        8  __rtentry2.o(.ARM.Collect$$rtentry$$0000000D)
    .ARM.Collect$$rtexit$$00000000           0x080001e4   Section        2  rtexit.o(.ARM.Collect$$rtexit$$00000000)
    .ARM.Collect$$rtexit$$00000002           0x080001e6   Section        0  rtexit2.o(.ARM.Collect$$rtexit$$00000002)
    .ARM.Collect$$rtexit$$00000003           0x080001e6   Section        4  rtexit2.o(.ARM.Collect$$rtexit$$00000003)
    .ARM.Collect$$rtexit$$00000004           0x080001ea   Section        6  rtexit2.o(.ARM.Collect$$rtexit$$00000004)
    .text                                    0x080001f0   Section        0  main.o(.text)
    .text                                    0x08000270   Section        0  stm32f10x_it.o(.text)
    .text                                    0x0800028c   Section        0  system_stm32f10x.o(.text)
    SetSysClockTo72                          0x0800028d   Thumb Code   214  system_stm32f10x.o(.text)
    SetSysClock                              0x08000363   Thumb Code     8  system_stm32f10x.o(.text)
    .text                                    0x0800046c   Section        0  led.o(.text)
    .text                                    0x080004bc   Section        0  pwm.o(.text)
    .text                                    0x08000664   Section        0  control.o(.text)
    .text                                    0x08000ce8   Section        0  encoder.o(.text)
    .text                                    0x0800100c   Section        0  delay.o(.text)
    .text                                    0x080010e0   Section        0  usart.o(.text)
    .text                                    0x0800156c   Section       64  startup_stm32f10x_hd.o(.text)
    .text                                    0x080015ac   Section        0  stm32f10x_gpio.o(.text)
    .text                                    0x08001908   Section        0  stm32f10x_rcc.o(.text)
    .text                                    0x08001cac   Section        0  stm32f10x_usart.o(.text)
    .text                                    0x080020b4   Section        0  misc.o(.text)
    .text                                    0x08002190   Section        0  stm32f10x_tim.o(.text)
    TI4_Config                               0x08002637   Thumb Code   130  stm32f10x_tim.o(.text)
    TI3_Config                               0x080026cb   Thumb Code   122  stm32f10x_tim.o(.text)
    TI2_Config                               0x0800275f   Thumb Code   130  stm32f10x_tim.o(.text)
    TI1_Config                               0x080027f3   Thumb Code   108  stm32f10x_tim.o(.text)
    .text                                    0x08002faa   Section        2  use_no_semi_2.o(.text)
    .text                                    0x08002fac   Section        0  noretval__2printf.o(.text)
    .text                                    0x08002fc4   Section        0  _printf_str.o(.text)
    .text                                    0x08003018   Section        0  _printf_dec.o(.text)
    .text                                    0x08003090   Section        0  __printf_wp.o(.text)
    .text                                    0x0800319e   Section        0  heapauxi.o(.text)
    .text                                    0x080031a4   Section        2  use_no_semi.o(.text)
    .text                                    0x080031a6   Section        0  _rserrno.o(.text)
    .text                                    0x080031bc   Section        0  _printf_intcommon.o(.text)
    .text                                    0x0800326e   Section        0  _printf_fp_dec.o(.text)
    _fp_digits                               0x08003271   Thumb Code   428  _printf_fp_dec.o(.text)
    .text                                    0x08003688   Section        0  _printf_char.o(.text)
    .text                                    0x080036b4   Section        0  _printf_char_file.o(.text)
    .text                                    0x080036d8   Section        8  rt_locale_intlibspace.o(.text)
    .text                                    0x080036e0   Section        8  rt_errno_addr_intlibspace.o(.text)
    .text                                    0x080036e8   Section      138  lludiv10.o(.text)
    .text                                    0x08003774   Section        0  _printf_char_common.o(.text)
    _printf_input_char                       0x08003775   Thumb Code    10  _printf_char_common.o(.text)
    .text                                    0x080037a4   Section        0  _printf_fp_infnan.o(.text)
    .text                                    0x08003824   Section        0  bigflt0.o(.text)
    .text                                    0x08003900   Section        0  ferror.o(.text)
    .text                                    0x08003908   Section        8  libspace.o(.text)
    .text                                    0x08003910   Section       74  sys_stackheap_outer.o(.text)
    .text                                    0x0800395a   Section        0  exit.o(.text)
    .text                                    0x0800396c   Section      128  strcmpv7m.o(.text)
    CL$$btod_d2e                             0x080039ec   Section       62  btod.o(CL$$btod_d2e)
    CL$$btod_d2e_denorm_low                  0x08003a2a   Section       70  btod.o(CL$$btod_d2e_denorm_low)
    CL$$btod_d2e_norm_op1                    0x08003a70   Section       96  btod.o(CL$$btod_d2e_norm_op1)
    CL$$btod_div_common                      0x08003ad0   Section      824  btod.o(CL$$btod_div_common)
    CL$$btod_e2e                             0x08003e08   Section      198  btod.o(CL$$btod_e2e)
    CL$$btod_ediv                            0x08003ece   Section       40  btod.o(CL$$btod_ediv)
    CL$$btod_emul                            0x08003ef6   Section       40  btod.o(CL$$btod_emul)
    CL$$btod_mult_common                     0x08003f1e   Section      580  btod.o(CL$$btod_mult_common)
    i.__ARM_fpclassify                       0x08004162   Section        0  fpclassify.o(i.__ARM_fpclassify)
    i.__kernel_poly                          0x0800418a   Section        0  poly.o(i.__kernel_poly)
    i.__mathlib_dbl_divzero                  0x08004234   Section        0  dunder.o(i.__mathlib_dbl_divzero)
    i.__mathlib_dbl_infnan2                  0x08004244   Section        0  dunder.o(i.__mathlib_dbl_infnan2)
    i.__mathlib_dbl_invalid                  0x08004248   Section        0  dunder.o(i.__mathlib_dbl_invalid)
    i.__mathlib_dbl_overflow                 0x08004254   Section        0  dunder.o(i.__mathlib_dbl_overflow)
    i.__mathlib_dbl_underflow                0x08004264   Section        0  dunder.o(i.__mathlib_dbl_underflow)
    i._is_digit                              0x08004274   Section        0  __printf_wp.o(i._is_digit)
    i.floor                                  0x08004284   Section        0  floor.o(i.floor)
    i.pow                                    0x08004360   Section        0  pow.o(i.pow)
    i.sqrt                                   0x08004d38   Section        0  sqrt.o(i.sqrt)
    locale$$code                             0x08004d84   Section       44  lc_numeric_c.o(locale$$code)
    x$fpl$d2f                                0x08004db0   Section       98  d2f.o(x$fpl$d2f)
    x$fpl$dadd                               0x08004e14   Section      336  daddsub_clz.o(x$fpl$dadd)
    _dadd1                                   0x08004e25   Thumb Code     0  daddsub_clz.o(x$fpl$dadd)
    x$fpl$dcheck1                            0x08004f64   Section       16  dcheck1.o(x$fpl$dcheck1)
    x$fpl$dcmpinf                            0x08004f74   Section       24  dcmpi.o(x$fpl$dcmpinf)
    x$fpl$ddiv                               0x08004f8c   Section      688  ddiv.o(x$fpl$ddiv)
    ddiv_entry                               0x08004f93   Thumb Code     0  ddiv.o(x$fpl$ddiv)
    x$fpl$dfix                               0x0800523c   Section       94  dfix.o(x$fpl$dfix)
    x$fpl$dfixu                              0x0800529c   Section       90  dfixu.o(x$fpl$dfixu)
    x$fpl$dflt                               0x080052f6   Section       46  dflt_clz.o(x$fpl$dflt)
    x$fpl$dfltu                              0x08005324   Section       38  dflt_clz.o(x$fpl$dfltu)
    x$fpl$dleqf                              0x0800534c   Section      120  dleqf.o(x$fpl$dleqf)
    x$fpl$dmul                               0x080053c4   Section      340  dmul.o(x$fpl$dmul)
    x$fpl$dnaninf                            0x08005518   Section      156  dnaninf.o(x$fpl$dnaninf)
    x$fpl$dretinf                            0x080055b4   Section       12  dretinf.o(x$fpl$dretinf)
    x$fpl$drleqf                             0x080055c0   Section      108  drleqf.o(x$fpl$drleqf)
    x$fpl$drsb                               0x0800562c   Section       22  daddsub_clz.o(x$fpl$drsb)
    x$fpl$dsqrt                              0x08005644   Section      460  dsqrt_noumaal.o(x$fpl$dsqrt)
    x$fpl$dsub                               0x08005810   Section      468  daddsub_clz.o(x$fpl$dsub)
    _dsub1                                   0x08005821   Thumb Code     0  daddsub_clz.o(x$fpl$dsub)
    x$fpl$f2d                                0x080059e4   Section       86  f2d.o(x$fpl$f2d)
    x$fpl$fadd                               0x08005a3c   Section      196  faddsub_clz.o(x$fpl$fadd)
    _fadd1                                   0x08005a4b   Thumb Code     0  faddsub_clz.o(x$fpl$fadd)
    x$fpl$fcmpinf                            0x08005b00   Section       24  fcmpi.o(x$fpl$fcmpinf)
    x$fpl$fdiv                               0x08005b18   Section      388  fdiv.o(x$fpl$fdiv)
    _fdiv1                                   0x08005b19   Thumb Code     0  fdiv.o(x$fpl$fdiv)
    x$fpl$feqf                               0x08005c9c   Section      104  feqf.o(x$fpl$feqf)
    x$fpl$ffix                               0x08005d04   Section       54  ffix.o(x$fpl$ffix)
    x$fpl$fflt                               0x08005d3c   Section       48  fflt_clz.o(x$fpl$fflt)
    x$fpl$fleqf                              0x08005d6c   Section      104  fleqf.o(x$fpl$fleqf)
    x$fpl$fmul                               0x08005dd4   Section      258  fmul.o(x$fpl$fmul)
    x$fpl$fnaninf                            0x08005ed6   Section      140  fnaninf.o(x$fpl$fnaninf)
    x$fpl$fretinf                            0x08005f62   Section       10  fretinf.o(x$fpl$fretinf)
    x$fpl$frleqf                             0x08005f6c   Section       98  frleqf.o(x$fpl$frleqf)
    x$fpl$fsub                               0x08005fd0   Section      234  faddsub_clz.o(x$fpl$fsub)
    _fsub1                                   0x08005fdf   Thumb Code     0  faddsub_clz.o(x$fpl$fsub)
    x$fpl$printf1                            0x080060ba   Section        4  printf1.o(x$fpl$printf1)
    x$fpl$retnan                             0x080060be   Section      100  retnan.o(x$fpl$retnan)
    x$fpl$scalbn                             0x08006122   Section       92  scalbn.o(x$fpl$scalbn)
    x$fpl$trapveneer                         0x0800617e   Section       48  trapv.o(x$fpl$trapveneer)
    x$fpl$usenofp                            0x080061ae   Section        0  usenofp.o(x$fpl$usenofp)
    .constdata                               0x080061b0   Section       32  control.o(.constdata)
    .constdata                               0x080061d0   Section      136  pow.o(.constdata)
    bp                                       0x080061d0   Data          16  pow.o(.constdata)
    dp_h                                     0x080061e0   Data          16  pow.o(.constdata)
    dp_l                                     0x080061f0   Data          16  pow.o(.constdata)
    L                                        0x08006200   Data          48  pow.o(.constdata)
    P                                        0x08006230   Data          40  pow.o(.constdata)
    .constdata                               0x08006258   Section        8  qnan.o(.constdata)
    .constdata                               0x08006260   Section      148  bigflt0.o(.constdata)
    tenpwrs_x                                0x08006260   Data          60  bigflt0.o(.constdata)
    tenpwrs_i                                0x0800629c   Data          64  bigflt0.o(.constdata)
    locale$$data                             0x08006314   Section       28  lc_numeric_c.o(locale$$data)
    __lcnum_c_name                           0x08006318   Data           2  lc_numeric_c.o(locale$$data)
    __lcnum_c_start                          0x08006320   Data           0  lc_numeric_c.o(locale$$data)
    __lcnum_c_point                          0x0800632c   Data           0  lc_numeric_c.o(locale$$data)
    __lcnum_c_thousands                      0x0800632e   Data           0  lc_numeric_c.o(locale$$data)
    __lcnum_c_grouping                       0x0800632f   Data           0  lc_numeric_c.o(locale$$data)
    __lcnum_c_end                            0x08006330   Data           0  lc_numeric_c.o(locale$$data)
    .data                                    0x20000000   Section       20  system_stm32f10x.o(.data)
    .data                                    0x20000014   Section       52  control.o(.data)
    .data                                    0x20000048   Section        4  delay.o(.data)
    fac_us                                   0x20000048   Data           1  delay.o(.data)
    fac_ms                                   0x2000004a   Data           2  delay.o(.data)
    .data                                    0x2000004c   Section        6  usart.o(.data)
    .data                                    0x20000052   Section       20  stm32f10x_rcc.o(.data)
    APBAHBPrescTable                         0x20000052   Data          16  stm32f10x_rcc.o(.data)
    ADCPrescTable                            0x20000062   Data           4  stm32f10x_rcc.o(.data)
    .bss                                     0x20000068   Section      112  control.o(.bss)
    last_spd_target                          0x20000098   Data          16  control.o(.bss)
    bias                                     0x200000a8   Data          16  control.o(.bss)
    bias_last                                0x200000b8   Data          16  control.o(.bss)
    bias_integral                            0x200000c8   Data          16  control.o(.bss)
    .bss                                     0x200000d8   Section      200  usart.o(.bss)
    .bss                                     0x200001a0   Section       96  libspace.o(.bss)
    HEAP                                     0x20000200   Section      512  startup_stm32f10x_hd.o(HEAP)
    Heap_Mem                                 0x20000200   Data         512  startup_stm32f10x_hd.o(HEAP)
    STACK                                    0x20000400   Section     1024  startup_stm32f10x_hd.o(STACK)
    Stack_Mem                                0x20000400   Data        1024  startup_stm32f10x_hd.o(STACK)
    __initial_sp                             0x20000800   Data           0  startup_stm32f10x_hd.o(STACK)

    Global Symbols

    Symbol Name                              Value     Ov Type        Size  Object(Section)

    BuildAttributes$$THM_ISAv4$P$D$K$B$S$PE$A:L22UL41UL21$X:L11$S22US41US21$IEEE1$IW$USESV6$~STKCKD$USESV7$~SHL$OTIME$ROPI$IEEEX$EBA8$UX$STANDARDLIB$REQ8$PRES8$EABIv2 0x00000000   Number         0  anon$$obj.o ABSOLUTE
    __ARM_use_no_argv                        0x00000000   Number         0  main.o ABSOLUTE
    _printf_flags                            0x00000000   Number         0  printf_stubs.o ABSOLUTE
    _printf_return_value                     0x00000000   Number         0  printf_stubs.o ABSOLUTE
    _printf_sizespec                         0x00000000   Number         0  printf_stubs.o ABSOLUTE
    _printf_widthprec                        0x00000000   Number         0  printf_stubs.o ABSOLUTE
    __ARM_exceptions_init                     - Undefined Weak Reference
    __alloca_initialize                       - Undefined Weak Reference
    __arm_preinit_                            - Undefined Weak Reference
    __cpp_initialize__aeabi_                  - Undefined Weak Reference
    __cxa_finalize                            - Undefined Weak Reference
    __sigvec_lookup                           - Undefined Weak Reference
    _atexit_init                              - Undefined Weak Reference
    _call_atexit_fns                          - Undefined Weak Reference
    _clock_init                               - Undefined Weak Reference
    _fp_trap_init                             - Undefined Weak Reference
    _fp_trap_shutdown                         - Undefined Weak Reference
    _get_lc_collate                           - Undefined Weak Reference
    _get_lc_ctype                             - Undefined Weak Reference
    _get_lc_monetary                          - Undefined Weak Reference
    _get_lc_time                              - Undefined Weak Reference
    _getenv_init                              - Undefined Weak Reference
    _handle_redirection                       - Undefined Weak Reference
    _init_alloc                               - Undefined Weak Reference
    _init_user_alloc                          - Undefined Weak Reference
    _initio                                   - Undefined Weak Reference
    _mutex_acquire                            - Undefined Weak Reference
    _mutex_release                            - Undefined Weak Reference
    _printf_mbtowc                            - Undefined Weak Reference
    _printf_post_padding                      - Undefined Weak Reference
    _printf_pre_padding                       - Undefined Weak Reference
    _printf_truncate_signed                   - Undefined Weak Reference
    _printf_truncate_unsigned                 - Undefined Weak Reference
    _rand_init                                - Undefined Weak Reference
    _signal_finish                            - Undefined Weak Reference
    _signal_init                              - Undefined Weak Reference
    _terminate_alloc                          - Undefined Weak Reference
    _terminate_user_alloc                     - Undefined Weak Reference
    _terminateio                              - Undefined Weak Reference
    __Vectors_Size                           0x00000130   Number         0  startup_stm32f10x_hd.o ABSOLUTE
    __Vectors                                0x08000000   Data           4  startup_stm32f10x_hd.o(RESET)
    __Vectors_End                            0x08000130   Data           0  startup_stm32f10x_hd.o(RESET)
    __main                                   0x08000131   Thumb Code     8  __main.o(!!!main)
    __scatterload                            0x08000139   Thumb Code     0  __scatter.o(!!!scatter)
    __scatterload_rt2                        0x08000139   Thumb Code    44  __scatter.o(!!!scatter)
    __scatterload_rt2_thumb_only             0x08000139   Thumb Code     0  __scatter.o(!!!scatter)
    __scatterload_null                       0x08000147   Thumb Code     0  __scatter.o(!!!scatter)
    __scatterload_copy                       0x0800016d   Thumb Code    26  __scatter_copy.o(!!handler_copy)
    __scatterload_zeroinit                   0x08000189   Thumb Code    28  __scatter_zi.o(!!handler_zi)
    _printf_f                                0x080001a5   Thumb Code     0  _printf_f.o(.ARM.Collect$$_printf_percent$$00000003)
    _printf_percent                          0x080001a5   Thumb Code     0  _printf_percent.o(.ARM.Collect$$_printf_percent$$00000000)
    _printf_d                                0x080001ab   Thumb Code     0  _printf_d.o(.ARM.Collect$$_printf_percent$$00000009)
    _printf_s                                0x080001b1   Thumb Code     0  _printf_s.o(.ARM.Collect$$_printf_percent$$00000014)
    _printf_percent_end                      0x080001b7   Thumb Code     0  _printf_percent_end.o(.ARM.Collect$$_printf_percent$$00000017)
    __rt_lib_init                            0x080001bb   Thumb Code     0  libinit.o(.ARM.Collect$$libinit$$00000000)
    __rt_lib_init_fp_1                       0x080001bd   Thumb Code     0  libinit2.o(.ARM.Collect$$libinit$$00000002)
    __rt_lib_init_heap_1                     0x080001bd   Thumb Code     0  libinit2.o(.ARM.Collect$$libinit$$0000000A)
    __rt_lib_init_lc_common                  0x080001bd   Thumb Code     0  libinit2.o(.ARM.Collect$$libinit$$0000000F)
    __rt_lib_init_preinit_1                  0x080001bd   Thumb Code     0  libinit2.o(.ARM.Collect$$libinit$$00000004)
    __rt_lib_init_rand_1                     0x080001bd   Thumb Code     0  libinit2.o(.ARM.Collect$$libinit$$0000000E)
    __rt_lib_init_user_alloc_1               0x080001bd   Thumb Code     0  libinit2.o(.ARM.Collect$$libinit$$0000000C)
    __rt_lib_init_lc_collate_1               0x080001c3   Thumb Code     0  libinit2.o(.ARM.Collect$$libinit$$00000011)
    __rt_lib_init_lc_ctype_1                 0x080001c3   Thumb Code     0  libinit2.o(.ARM.Collect$$libinit$$00000013)
    __rt_lib_init_lc_monetary_1              0x080001c3   Thumb Code     0  libinit2.o(.ARM.Collect$$libinit$$00000015)
    __rt_lib_init_lc_numeric_2               0x080001c3   Thumb Code     0  libinit2.o(.ARM.Collect$$libinit$$00000016)
    __rt_lib_init_alloca_1                   0x080001cd   Thumb Code     0  libinit2.o(.ARM.Collect$$libinit$$0000002E)
    __rt_lib_init_argv_1                     0x080001cd   Thumb Code     0  libinit2.o(.ARM.Collect$$libinit$$0000002C)
    __rt_lib_init_atexit_1                   0x080001cd   Thumb Code     0  libinit2.o(.ARM.Collect$$libinit$$0000001B)
    __rt_lib_init_clock_1                    0x080001cd   Thumb Code     0  libinit2.o(.ARM.Collect$$libinit$$00000021)
    __rt_lib_init_cpp_1                      0x080001cd   Thumb Code     0  libinit2.o(.ARM.Collect$$libinit$$00000032)
    __rt_lib_init_exceptions_1               0x080001cd   Thumb Code     0  libinit2.o(.ARM.Collect$$libinit$$00000030)
    __rt_lib_init_fp_trap_1                  0x080001cd   Thumb Code     0  libinit2.o(.ARM.Collect$$libinit$$0000001F)
    __rt_lib_init_getenv_1                   0x080001cd   Thumb Code     0  libinit2.o(.ARM.Collect$$libinit$$00000023)
    __rt_lib_init_lc_numeric_1               0x080001cd   Thumb Code     0  libinit2.o(.ARM.Collect$$libinit$$00000017)
    __rt_lib_init_lc_time_1                  0x080001cd   Thumb Code     0  libinit2.o(.ARM.Collect$$libinit$$00000019)
    __rt_lib_init_return                     0x080001cd   Thumb Code     0  libinit2.o(.ARM.Collect$$libinit$$00000033)
    __rt_lib_init_signal_1                   0x080001cd   Thumb Code     0  libinit2.o(.ARM.Collect$$libinit$$0000001D)
    __rt_lib_init_stdio_1                    0x080001cd   Thumb Code     0  libinit2.o(.ARM.Collect$$libinit$$00000025)
    __rt_lib_shutdown                        0x080001cf   Thumb Code     0  libshutdown.o(.ARM.Collect$$libshutdown$$00000000)
    __rt_lib_shutdown_cpp_1                  0x080001d1   Thumb Code     0  libshutdown2.o(.ARM.Collect$$libshutdown$$00000002)
    __rt_lib_shutdown_fp_trap_1              0x080001d1   Thumb Code     0  libshutdown2.o(.ARM.Collect$$libshutdown$$00000007)
    __rt_lib_shutdown_heap_1                 0x080001d1   Thumb Code     0  libshutdown2.o(.ARM.Collect$$libshutdown$$0000000F)
    __rt_lib_shutdown_return                 0x080001d1   Thumb Code     0  libshutdown2.o(.ARM.Collect$$libshutdown$$00000010)
    __rt_lib_shutdown_signal_1               0x080001d1   Thumb Code     0  libshutdown2.o(.ARM.Collect$$libshutdown$$0000000A)
    __rt_lib_shutdown_stdio_1                0x080001d1   Thumb Code     0  libshutdown2.o(.ARM.Collect$$libshutdown$$00000004)
    __rt_lib_shutdown_user_alloc_1           0x080001d1   Thumb Code     0  libshutdown2.o(.ARM.Collect$$libshutdown$$0000000C)
    __rt_entry                               0x080001d3   Thumb Code     0  __rtentry.o(.ARM.Collect$$rtentry$$00000000)
    __rt_entry_presh_1                       0x080001d3   Thumb Code     0  __rtentry2.o(.ARM.Collect$$rtentry$$00000002)
    __rt_entry_sh                            0x080001d3   Thumb Code     0  __rtentry4.o(.ARM.Collect$$rtentry$$00000004)
    __rt_entry_li                            0x080001d9   Thumb Code     0  __rtentry2.o(.ARM.Collect$$rtentry$$0000000A)
    __rt_entry_postsh_1                      0x080001d9   Thumb Code     0  __rtentry2.o(.ARM.Collect$$rtentry$$00000009)
    __rt_entry_main                          0x080001dd   Thumb Code     0  __rtentry2.o(.ARM.Collect$$rtentry$$0000000D)
    __rt_entry_postli_1                      0x080001dd   Thumb Code     0  __rtentry2.o(.ARM.Collect$$rtentry$$0000000C)
    __rt_exit                                0x080001e5   Thumb Code     0  rtexit.o(.ARM.Collect$$rtexit$$00000000)
    __rt_exit_ls                             0x080001e7   Thumb Code     0  rtexit2.o(.ARM.Collect$$rtexit$$00000003)
    __rt_exit_prels_1                        0x080001e7   Thumb Code     0  rtexit2.o(.ARM.Collect$$rtexit$$00000002)
    __rt_exit_exit                           0x080001eb   Thumb Code     0  rtexit2.o(.ARM.Collect$$rtexit$$00000004)
    main                                     0x080001f1   Thumb Code   122  main.o(.text)
    NMI_Handler                              0x08000271   Thumb Code     2  stm32f10x_it.o(.text)
    HardFault_Handler                        0x08000273   Thumb Code     4  stm32f10x_it.o(.text)
    MemManage_Handler                        0x08000277   Thumb Code     4  stm32f10x_it.o(.text)
    BusFault_Handler                         0x0800027b   Thumb Code     4  stm32f10x_it.o(.text)
    UsageFault_Handler                       0x0800027f   Thumb Code     4  stm32f10x_it.o(.text)
    SVC_Handler                              0x08000283   Thumb Code     2  stm32f10x_it.o(.text)
    DebugMon_Handler                         0x08000285   Thumb Code     2  stm32f10x_it.o(.text)
    PendSV_Handler                           0x08000287   Thumb Code     2  stm32f10x_it.o(.text)
    SysTick_Handler                          0x08000289   Thumb Code     2  stm32f10x_it.o(.text)
    SystemInit                               0x0800036b   Thumb Code    78  system_stm32f10x.o(.text)
    SystemCoreClockUpdate                    0x080003b9   Thumb Code   142  system_stm32f10x.o(.text)
    LED_Init                                 0x0800046d   Thumb Code    72  led.o(.text)
    TIM1_PWM_Init                            0x080004bd   Thumb Code   144  pwm.o(.text)
    TIM8_PWM_Init                            0x0800054d   Thumb Code   262  pwm.o(.text)
    my_abs_i                                 0x08000665   Thumb Code    16  control.o(.text)
    Set_Pwm                                  0x08000675   Thumb Code   202  control.o(.text)
    my_abs_f                                 0x0800073f   Thumb Code    24  control.o(.text)
    PID                                      0x08000757   Thumb Code   526  control.o(.text)
    Inverse                                  0x08000965   Thumb Code    58  control.o(.text)
    Forward                                  0x0800099f   Thumb Code    86  control.o(.text)
    Move_Ctrl                                0x080009f5   Thumb Code    28  control.o(.text)
    send_msg                                 0x08000a11   Thumb Code   204  control.o(.text)
    state_info                               0x08000add   Thumb Code   278  control.o(.text)
    Encoder_Init_TIM2                        0x08000ce9   Thumb Code   194  encoder.o(.text)
    Encoder_Init_TIM3                        0x08000dab   Thumb Code   148  encoder.o(.text)
    Encoder_Init_TIM4                        0x08000e3f   Thumb Code   148  encoder.o(.text)
    Encoder_Init_TIM5                        0x08000ed3   Thumb Code   148  encoder.o(.text)
    Read_Encoder                             0x08000f67   Thumb Code   116  encoder.o(.text)
    delay_init                               0x0800100d   Thumb Code    50  delay.o(.text)
    delay_us                                 0x0800103f   Thumb Code    72  delay.o(.text)
    delay_ms                                 0x08001087   Thumb Code    72  delay.o(.text)
    _sys_exit                                0x080010e1   Thumb Code     4  usart.o(.text)
    fputc                                    0x080010e5   Thumb Code    24  usart.o(.text)
    uart_init                                0x080010fd   Thumb Code   152  usart.o(.text)
    USART1_IRQHandler                        0x08001195   Thumb Code   122  usart.o(.text)
    tr                                       0x0800120f   Thumb Code     8  usart.o(.text)
    tr_s                                     0x08001217   Thumb Code   160  usart.o(.text)
    tr_head                                  0x080012b7   Thumb Code   126  usart.o(.text)
    f_to_u                                   0x08001335   Thumb Code    74  usart.o(.text)
    swrite                                   0x0800137f   Thumb Code   104  usart.o(.text)
    data_receive                             0x080013e7   Thumb Code   382  usart.o(.text)
    Reset_Handler                            0x0800156d   Thumb Code     8  startup_stm32f10x_hd.o(.text)
    ADC1_2_IRQHandler                        0x08001587   Thumb Code     0  startup_stm32f10x_hd.o(.text)
    ADC3_IRQHandler                          0x08001587   Thumb Code     0  startup_stm32f10x_hd.o(.text)
    CAN1_RX1_IRQHandler                      0x08001587   Thumb Code     0  startup_stm32f10x_hd.o(.text)
    CAN1_SCE_IRQHandler                      0x08001587   Thumb Code     0  startup_stm32f10x_hd.o(.text)
    DMA1_Channel1_IRQHandler                 0x08001587   Thumb Code     0  startup_stm32f10x_hd.o(.text)
    DMA1_Channel2_IRQHandler                 0x08001587   Thumb Code     0  startup_stm32f10x_hd.o(.text)
    DMA1_Channel3_IRQHandler                 0x08001587   Thumb Code     0  startup_stm32f10x_hd.o(.text)
    DMA1_Channel4_IRQHandler                 0x08001587   Thumb Code     0  startup_stm32f10x_hd.o(.text)
    DMA1_Channel5_IRQHandler                 0x08001587   Thumb Code     0  startup_stm32f10x_hd.o(.text)
    DMA1_Channel6_IRQHandler                 0x08001587   Thumb Code     0  startup_stm32f10x_hd.o(.text)
    DMA1_Channel7_IRQHandler                 0x08001587   Thumb Code     0  startup_stm32f10x_hd.o(.text)
    DMA2_Channel1_IRQHandler                 0x08001587   Thumb Code     0  startup_stm32f10x_hd.o(.text)
    DMA2_Channel2_IRQHandler                 0x08001587   Thumb Code     0  startup_stm32f10x_hd.o(.text)
    DMA2_Channel3_IRQHandler                 0x08001587   Thumb Code     0  startup_stm32f10x_hd.o(.text)
    DMA2_Channel4_5_IRQHandler               0x08001587   Thumb Code     0  startup_stm32f10x_hd.o(.text)
    EXTI0_IRQHandler                         0x08001587   Thumb Code     0  startup_stm32f10x_hd.o(.text)
    EXTI15_10_IRQHandler                     0x08001587   Thumb Code     0  startup_stm32f10x_hd.o(.text)
    EXTI1_IRQHandler                         0x08001587   Thumb Code     0  startup_stm32f10x_hd.o(.text)
    EXTI2_IRQHandler                         0x08001587   Thumb Code     0  startup_stm32f10x_hd.o(.text)
    EXTI3_IRQHandler                         0x08001587   Thumb Code     0  startup_stm32f10x_hd.o(.text)
    EXTI4_IRQHandler                         0x08001587   Thumb Code     0  startup_stm32f10x_hd.o(.text)
    EXTI9_5_IRQHandler                       0x08001587   Thumb Code     0  startup_stm32f10x_hd.o(.text)
    FLASH_IRQHandler                         0x08001587   Thumb Code     0  startup_stm32f10x_hd.o(.text)
    FSMC_IRQHandler                          0x08001587   Thumb Code     0  startup_stm32f10x_hd.o(.text)
    I2C1_ER_IRQHandler                       0x08001587   Thumb Code     0  startup_stm32f10x_hd.o(.text)
    I2C1_EV_IRQHandler                       0x08001587   Thumb Code     0  startup_stm32f10x_hd.o(.text)
    I2C2_ER_IRQHandler                       0x08001587   Thumb Code     0  startup_stm32f10x_hd.o(.text)
    I2C2_EV_IRQHandler                       0x08001587   Thumb Code     0  startup_stm32f10x_hd.o(.text)
    PVD_IRQHandler                           0x08001587   Thumb Code     0  startup_stm32f10x_hd.o(.text)
    RCC_IRQHandler                           0x08001587   Thumb Code     0  startup_stm32f10x_hd.o(.text)
    RTCAlarm_IRQHandler                      0x08001587   Thumb Code     0  startup_stm32f10x_hd.o(.text)
    RTC_IRQHandler                           0x08001587   Thumb Code     0  startup_stm32f10x_hd.o(.text)
    SDIO_IRQHandler                          0x08001587   Thumb Code     0  startup_stm32f10x_hd.o(.text)
    SPI1_IRQHandler                          0x08001587   Thumb Code     0  startup_stm32f10x_hd.o(.text)
    SPI2_IRQHandler                          0x08001587   Thumb Code     0  startup_stm32f10x_hd.o(.text)
    SPI3_IRQHandler                          0x08001587   Thumb Code     0  startup_stm32f10x_hd.o(.text)
    TAMPER_IRQHandler                        0x08001587   Thumb Code     0  startup_stm32f10x_hd.o(.text)
    TIM1_BRK_IRQHandler                      0x08001587   Thumb Code     0  startup_stm32f10x_hd.o(.text)
    TIM1_CC_IRQHandler                       0x08001587   Thumb Code     0  startup_stm32f10x_hd.o(.text)
    TIM1_TRG_COM_IRQHandler                  0x08001587   Thumb Code     0  startup_stm32f10x_hd.o(.text)
    TIM1_UP_IRQHandler                       0x08001587   Thumb Code     0  startup_stm32f10x_hd.o(.text)
    TIM2_IRQHandler                          0x08001587   Thumb Code     0  startup_stm32f10x_hd.o(.text)
    TIM3_IRQHandler                          0x08001587   Thumb Code     0  startup_stm32f10x_hd.o(.text)
    TIM4_IRQHandler                          0x08001587   Thumb Code     0  startup_stm32f10x_hd.o(.text)
    TIM5_IRQHandler                          0x08001587   Thumb Code     0  startup_stm32f10x_hd.o(.text)
    TIM6_IRQHandler                          0x08001587   Thumb Code     0  startup_stm32f10x_hd.o(.text)
    TIM7_IRQHandler                          0x08001587   Thumb Code     0  startup_stm32f10x_hd.o(.text)
    TIM8_BRK_IRQHandler                      0x08001587   Thumb Code     0  startup_stm32f10x_hd.o(.text)
    TIM8_CC_IRQHandler                       0x08001587   Thumb Code     0  startup_stm32f10x_hd.o(.text)
    TIM8_TRG_COM_IRQHandler                  0x08001587   Thumb Code     0  startup_stm32f10x_hd.o(.text)
    TIM8_UP_IRQHandler                       0x08001587   Thumb Code     0  startup_stm32f10x_hd.o(.text)
    UART4_IRQHandler                         0x08001587   Thumb Code     0  startup_stm32f10x_hd.o(.text)
    UART5_IRQHandler                         0x08001587   Thumb Code     0  startup_stm32f10x_hd.o(.text)
    USART2_IRQHandler                        0x08001587   Thumb Code     0  startup_stm32f10x_hd.o(.text)
    USART3_IRQHandler                        0x08001587   Thumb Code     0  startup_stm32f10x_hd.o(.text)
    USBWakeUp_IRQHandler                     0x08001587   Thumb Code     0  startup_stm32f10x_hd.o(.text)
    USB_HP_CAN1_TX_IRQHandler                0x08001587   Thumb Code     0  startup_stm32f10x_hd.o(.text)
    USB_LP_CAN1_RX0_IRQHandler               0x08001587   Thumb Code     0  startup_stm32f10x_hd.o(.text)
    WWDG_IRQHandler                          0x08001587   Thumb Code     0  startup_stm32f10x_hd.o(.text)
    __user_initial_stackheap                 0x08001589   Thumb Code     0  startup_stm32f10x_hd.o(.text)
    GPIO_DeInit                              0x080015ad   Thumb Code   172  stm32f10x_gpio.o(.text)
    GPIO_AFIODeInit                          0x08001659   Thumb Code    20  stm32f10x_gpio.o(.text)
    GPIO_Init                                0x0800166d   Thumb Code   278  stm32f10x_gpio.o(.text)
    GPIO_StructInit                          0x08001783   Thumb Code    16  stm32f10x_gpio.o(.text)
    GPIO_ReadInputDataBit                    0x08001793   Thumb Code    18  stm32f10x_gpio.o(.text)
    GPIO_ReadInputData                       0x080017a5   Thumb Code     8  stm32f10x_gpio.o(.text)
    GPIO_ReadOutputDataBit                   0x080017ad   Thumb Code    18  stm32f10x_gpio.o(.text)
    GPIO_ReadOutputData                      0x080017bf   Thumb Code     8  stm32f10x_gpio.o(.text)
    GPIO_SetBits                             0x080017c7   Thumb Code     4  stm32f10x_gpio.o(.text)
    GPIO_ResetBits                           0x080017cb   Thumb Code     4  stm32f10x_gpio.o(.text)
    GPIO_WriteBit                            0x080017cf   Thumb Code    10  stm32f10x_gpio.o(.text)
    GPIO_Write                               0x080017d9   Thumb Code     4  stm32f10x_gpio.o(.text)
    GPIO_PinLockConfig                       0x080017dd   Thumb Code    18  stm32f10x_gpio.o(.text)
    GPIO_EventOutputConfig                   0x080017ef   Thumb Code    26  stm32f10x_gpio.o(.text)
    GPIO_EventOutputCmd                      0x08001809   Thumb Code     6  stm32f10x_gpio.o(.text)
    GPIO_PinRemapConfig                      0x0800180f   Thumb Code   138  stm32f10x_gpio.o(.text)
    GPIO_EXTILineConfig                      0x08001899   Thumb Code    66  stm32f10x_gpio.o(.text)
    GPIO_ETH_MediaInterfaceConfig            0x080018db   Thumb Code     8  stm32f10x_gpio.o(.text)
    RCC_DeInit                               0x08001909   Thumb Code    64  stm32f10x_rcc.o(.text)
    RCC_HSEConfig                            0x08001949   Thumb Code    70  stm32f10x_rcc.o(.text)
    RCC_GetFlagStatus                        0x0800198f   Thumb Code    56  stm32f10x_rcc.o(.text)
    RCC_WaitForHSEStartUp                    0x080019c7   Thumb Code    56  stm32f10x_rcc.o(.text)
    RCC_AdjustHSICalibrationValue            0x080019ff   Thumb Code    20  stm32f10x_rcc.o(.text)
    RCC_HSICmd                               0x08001a13   Thumb Code     6  stm32f10x_rcc.o(.text)
    RCC_PLLConfig                            0x08001a19   Thumb Code    24  stm32f10x_rcc.o(.text)
    RCC_PLLCmd                               0x08001a31   Thumb Code     6  stm32f10x_rcc.o(.text)
    RCC_SYSCLKConfig                         0x08001a37   Thumb Code    18  stm32f10x_rcc.o(.text)
    RCC_GetSYSCLKSource                      0x08001a49   Thumb Code    10  stm32f10x_rcc.o(.text)
    RCC_HCLKConfig                           0x08001a53   Thumb Code    18  stm32f10x_rcc.o(.text)
    RCC_PCLK1Config                          0x08001a65   Thumb Code    18  stm32f10x_rcc.o(.text)
    RCC_PCLK2Config                          0x08001a77   Thumb Code    20  stm32f10x_rcc.o(.text)
    RCC_ITConfig                             0x08001a8b   Thumb Code    26  stm32f10x_rcc.o(.text)
    RCC_USBCLKConfig                         0x08001aa5   Thumb Code     8  stm32f10x_rcc.o(.text)
    RCC_ADCCLKConfig                         0x08001aad   Thumb Code    18  stm32f10x_rcc.o(.text)
    RCC_LSEConfig                            0x08001abf   Thumb Code    50  stm32f10x_rcc.o(.text)
    RCC_LSICmd                               0x08001af1   Thumb Code     6  stm32f10x_rcc.o(.text)
    RCC_RTCCLKConfig                         0x08001af7   Thumb Code    12  stm32f10x_rcc.o(.text)
    RCC_RTCCLKCmd                            0x08001b03   Thumb Code     8  stm32f10x_rcc.o(.text)
    RCC_GetClocksFreq                        0x08001b0b   Thumb Code   192  stm32f10x_rcc.o(.text)
    RCC_AHBPeriphClockCmd                    0x08001bcb   Thumb Code    26  stm32f10x_rcc.o(.text)
    RCC_APB2PeriphClockCmd                   0x08001be5   Thumb Code    26  stm32f10x_rcc.o(.text)
    RCC_APB1PeriphClockCmd                   0x08001bff   Thumb Code    26  stm32f10x_rcc.o(.text)
    RCC_APB2PeriphResetCmd                   0x08001c19   Thumb Code    26  stm32f10x_rcc.o(.text)
    RCC_APB1PeriphResetCmd                   0x08001c33   Thumb Code    26  stm32f10x_rcc.o(.text)
    RCC_BackupResetCmd                       0x08001c4d   Thumb Code     8  stm32f10x_rcc.o(.text)
    RCC_ClockSecuritySystemCmd               0x08001c55   Thumb Code     6  stm32f10x_rcc.o(.text)
    RCC_MCOConfig                            0x08001c5b   Thumb Code     6  stm32f10x_rcc.o(.text)
    RCC_ClearFlag                            0x08001c61   Thumb Code    14  stm32f10x_rcc.o(.text)
    RCC_GetITStatus                          0x08001c6f   Thumb Code    20  stm32f10x_rcc.o(.text)
    RCC_ClearITPendingBit                    0x08001c83   Thumb Code     6  stm32f10x_rcc.o(.text)
    USART_DeInit                             0x08001cad   Thumb Code   134  stm32f10x_usart.o(.text)
    USART_Init                               0x08001d33   Thumb Code   210  stm32f10x_usart.o(.text)
    USART_StructInit                         0x08001e05   Thumb Code    24  stm32f10x_usart.o(.text)
    USART_ClockInit                          0x08001e1d   Thumb Code    34  stm32f10x_usart.o(.text)
    USART_ClockStructInit                    0x08001e3f   Thumb Code    12  stm32f10x_usart.o(.text)
    USART_Cmd                                0x08001e4b   Thumb Code    24  stm32f10x_usart.o(.text)
    USART_ITConfig                           0x08001e63   Thumb Code    74  stm32f10x_usart.o(.text)
    USART_DMACmd                             0x08001ead   Thumb Code    18  stm32f10x_usart.o(.text)
    USART_SetAddress                         0x08001ebf   Thumb Code    18  stm32f10x_usart.o(.text)
    USART_WakeUpConfig                       0x08001ed1   Thumb Code    18  stm32f10x_usart.o(.text)
    USART_ReceiverWakeUpCmd                  0x08001ee3   Thumb Code    24  stm32f10x_usart.o(.text)
    USART_LINBreakDetectLengthConfig         0x08001efb   Thumb Code    18  stm32f10x_usart.o(.text)
    USART_LINCmd                             0x08001f0d   Thumb Code    24  stm32f10x_usart.o(.text)
    USART_SendData                           0x08001f25   Thumb Code     8  stm32f10x_usart.o(.text)
    USART_ReceiveData                        0x08001f2d   Thumb Code    10  stm32f10x_usart.o(.text)
    USART_SendBreak                          0x08001f37   Thumb Code    10  stm32f10x_usart.o(.text)
    USART_SetGuardTime                       0x08001f41   Thumb Code    16  stm32f10x_usart.o(.text)
    USART_SetPrescaler                       0x08001f51   Thumb Code    16  stm32f10x_usart.o(.text)
    USART_SmartCardCmd                       0x08001f61   Thumb Code    24  stm32f10x_usart.o(.text)
    USART_SmartCardNACKCmd                   0x08001f79   Thumb Code    24  stm32f10x_usart.o(.text)
    USART_HalfDuplexCmd                      0x08001f91   Thumb Code    24  stm32f10x_usart.o(.text)
    USART_OverSampling8Cmd                   0x08001fa9   Thumb Code    22  stm32f10x_usart.o(.text)
    USART_OneBitMethodCmd                    0x08001fbf   Thumb Code    24  stm32f10x_usart.o(.text)
    USART_IrDAConfig                         0x08001fd7   Thumb Code    18  stm32f10x_usart.o(.text)
    USART_IrDACmd                            0x08001fe9   Thumb Code    24  stm32f10x_usart.o(.text)
    USART_GetFlagStatus                      0x08002001   Thumb Code    26  stm32f10x_usart.o(.text)
    USART_ClearFlag                          0x0800201b   Thumb Code    18  stm32f10x_usart.o(.text)
    USART_GetITStatus                        0x0800202d   Thumb Code    84  stm32f10x_usart.o(.text)
    USART_ClearITPendingBit                  0x08002081   Thumb Code    52  stm32f10x_usart.o(.text)
    NVIC_PriorityGroupConfig                 0x080020b5   Thumb Code    10  misc.o(.text)
    NVIC_Init                                0x080020bf   Thumb Code   100  misc.o(.text)
    NVIC_SetVectorTable                      0x08002123   Thumb Code    14  misc.o(.text)
    NVIC_SystemLPConfig                      0x08002131   Thumb Code    34  misc.o(.text)
    SysTick_CLKSourceConfig                  0x08002153   Thumb Code    40  misc.o(.text)
    TIM_DeInit                               0x08002191   Thumb Code   424  stm32f10x_tim.o(.text)
    TIM_TimeBaseInit                         0x08002339   Thumb Code   122  stm32f10x_tim.o(.text)
    TIM_OC1Init                              0x080023b3   Thumb Code   132  stm32f10x_tim.o(.text)
    TIM_OC2Init                              0x08002437   Thumb Code   154  stm32f10x_tim.o(.text)
    TIM_OC3Init                              0x080024d1   Thumb Code   150  stm32f10x_tim.o(.text)
    TIM_OC4Init                              0x08002567   Thumb Code   182  stm32f10x_tim.o(.text)
    TIM_SetIC4Prescaler                      0x0800261d   Thumb Code    26  stm32f10x_tim.o(.text)
    TIM_SetIC3Prescaler                      0x080026b9   Thumb Code    18  stm32f10x_tim.o(.text)
    TIM_SetIC2Prescaler                      0x08002745   Thumb Code    26  stm32f10x_tim.o(.text)
    TIM_SetIC1Prescaler                      0x080027e1   Thumb Code    18  stm32f10x_tim.o(.text)
    TIM_ICInit                               0x0800285f   Thumb Code   150  stm32f10x_tim.o(.text)
    TIM_PWMIConfig                           0x080028f5   Thumb Code   124  stm32f10x_tim.o(.text)
    TIM_BDTRConfig                           0x08002971   Thumb Code    32  stm32f10x_tim.o(.text)
    TIM_TimeBaseStructInit                   0x08002991   Thumb Code    18  stm32f10x_tim.o(.text)
    TIM_OCStructInit                         0x080029a3   Thumb Code    20  stm32f10x_tim.o(.text)
    TIM_ICStructInit                         0x080029b7   Thumb Code    18  stm32f10x_tim.o(.text)
    TIM_BDTRStructInit                       0x080029c9   Thumb Code    40  stm32f10x_tim.o(.text)
    TIM_Cmd                                  0x080029f1   Thumb Code    24  stm32f10x_tim.o(.text)
    TIM_CtrlPWMOutputs                       0x08002a09   Thumb Code    30  stm32f10x_tim.o(.text)
    TIM_ITConfig                             0x08002a27   Thumb Code    18  stm32f10x_tim.o(.text)
    TIM_GenerateEvent                        0x08002a39   Thumb Code     4  stm32f10x_tim.o(.text)
    TIM_DMAConfig                            0x08002a3d   Thumb Code    10  stm32f10x_tim.o(.text)
    TIM_DMACmd                               0x08002a47   Thumb Code    18  stm32f10x_tim.o(.text)
    TIM_InternalClockConfig                  0x08002a59   Thumb Code    12  stm32f10x_tim.o(.text)
    TIM_SelectInputTrigger                   0x08002a65   Thumb Code    18  stm32f10x_tim.o(.text)
    TIM_ITRxExternalClockConfig              0x08002a77   Thumb Code    24  stm32f10x_tim.o(.text)
    TIM_TIxExternalClockConfig               0x08002a8f   Thumb Code    62  stm32f10x_tim.o(.text)
    TIM_ETRConfig                            0x08002acd   Thumb Code    28  stm32f10x_tim.o(.text)
    TIM_ETRClockMode1Config                  0x08002ae9   Thumb Code    54  stm32f10x_tim.o(.text)
    TIM_ETRClockMode2Config                  0x08002b1f   Thumb Code    32  stm32f10x_tim.o(.text)
    TIM_PrescalerConfig                      0x08002b3f   Thumb Code     6  stm32f10x_tim.o(.text)
    TIM_CounterModeConfig                    0x08002b45   Thumb Code    18  stm32f10x_tim.o(.text)
    TIM_EncoderInterfaceConfig               0x08002b57   Thumb Code    66  stm32f10x_tim.o(.text)
    TIM_ForcedOC1Config                      0x08002b99   Thumb Code    18  stm32f10x_tim.o(.text)
    TIM_ForcedOC2Config                      0x08002bab   Thumb Code    26  stm32f10x_tim.o(.text)
    TIM_ForcedOC3Config                      0x08002bc5   Thumb Code    18  stm32f10x_tim.o(.text)
    TIM_ForcedOC4Config                      0x08002bd7   Thumb Code    26  stm32f10x_tim.o(.text)
    TIM_ARRPreloadConfig                     0x08002bf1   Thumb Code    24  stm32f10x_tim.o(.text)
    TIM_SelectCOM                            0x08002c09   Thumb Code    24  stm32f10x_tim.o(.text)
    TIM_SelectCCDMA                          0x08002c21   Thumb Code    24  stm32f10x_tim.o(.text)
    TIM_CCPreloadControl                     0x08002c39   Thumb Code    24  stm32f10x_tim.o(.text)
    TIM_OC1PreloadConfig                     0x08002c51   Thumb Code    18  stm32f10x_tim.o(.text)
    TIM_OC2PreloadConfig                     0x08002c63   Thumb Code    26  stm32f10x_tim.o(.text)
    TIM_OC3PreloadConfig                     0x08002c7d   Thumb Code    18  stm32f10x_tim.o(.text)
    TIM_OC4PreloadConfig                     0x08002c8f   Thumb Code    26  stm32f10x_tim.o(.text)
    TIM_OC1FastConfig                        0x08002ca9   Thumb Code    18  stm32f10x_tim.o(.text)
    TIM_OC2FastConfig                        0x08002cbb   Thumb Code    26  stm32f10x_tim.o(.text)
    TIM_OC3FastConfig                        0x08002cd5   Thumb Code    18  stm32f10x_tim.o(.text)
    TIM_OC4FastConfig                        0x08002ce7   Thumb Code    26  stm32f10x_tim.o(.text)
    TIM_ClearOC1Ref                          0x08002d01   Thumb Code    18  stm32f10x_tim.o(.text)
    TIM_ClearOC2Ref                          0x08002d13   Thumb Code    24  stm32f10x_tim.o(.text)
    TIM_ClearOC3Ref                          0x08002d2b   Thumb Code    18  stm32f10x_tim.o(.text)
    TIM_ClearOC4Ref                          0x08002d3d   Thumb Code    24  stm32f10x_tim.o(.text)
    TIM_OC1PolarityConfig                    0x08002d55   Thumb Code    18  stm32f10x_tim.o(.text)
    TIM_OC1NPolarityConfig                   0x08002d67   Thumb Code    18  stm32f10x_tim.o(.text)
    TIM_OC2PolarityConfig                    0x08002d79   Thumb Code    26  stm32f10x_tim.o(.text)
    TIM_OC2NPolarityConfig                   0x08002d93   Thumb Code    26  stm32f10x_tim.o(.text)
    TIM_OC3PolarityConfig                    0x08002dad   Thumb Code    26  stm32f10x_tim.o(.text)
    TIM_OC3NPolarityConfig                   0x08002dc7   Thumb Code    26  stm32f10x_tim.o(.text)
    TIM_OC4PolarityConfig                    0x08002de1   Thumb Code    26  stm32f10x_tim.o(.text)
    TIM_CCxCmd                               0x08002dfb   Thumb Code    30  stm32f10x_tim.o(.text)
    TIM_CCxNCmd                              0x08002e19   Thumb Code    30  stm32f10x_tim.o(.text)
    TIM_SelectOCxM                           0x08002e37   Thumb Code    82  stm32f10x_tim.o(.text)
    TIM_UpdateDisableConfig                  0x08002e89   Thumb Code    24  stm32f10x_tim.o(.text)
    TIM_UpdateRequestConfig                  0x08002ea1   Thumb Code    24  stm32f10x_tim.o(.text)
    TIM_SelectHallSensor                     0x08002eb9   Thumb Code    24  stm32f10x_tim.o(.text)
    TIM_SelectOnePulseMode                   0x08002ed1   Thumb Code    18  stm32f10x_tim.o(.text)
    TIM_SelectOutputTrigger                  0x08002ee3   Thumb Code    18  stm32f10x_tim.o(.text)
    TIM_SelectSlaveMode                      0x08002ef5   Thumb Code    18  stm32f10x_tim.o(.text)
    TIM_SelectMasterSlaveMode                0x08002f07   Thumb Code    18  stm32f10x_tim.o(.text)
    TIM_SetCounter                           0x08002f19   Thumb Code     4  stm32f10x_tim.o(.text)
    TIM_SetAutoreload                        0x08002f1d   Thumb Code     4  stm32f10x_tim.o(.text)
    TIM_SetCompare1                          0x08002f21   Thumb Code     4  stm32f10x_tim.o(.text)
    TIM_SetCompare2                          0x08002f25   Thumb Code     4  stm32f10x_tim.o(.text)
    TIM_SetCompare3                          0x08002f29   Thumb Code     4  stm32f10x_tim.o(.text)
    TIM_SetCompare4                          0x08002f2d   Thumb Code     6  stm32f10x_tim.o(.text)
    TIM_SetClockDivision                     0x08002f33   Thumb Code    18  stm32f10x_tim.o(.text)
    TIM_GetCapture1                          0x08002f45   Thumb Code     6  stm32f10x_tim.o(.text)
    TIM_GetCapture2                          0x08002f4b   Thumb Code     6  stm32f10x_tim.o(.text)
    TIM_GetCapture3                          0x08002f51   Thumb Code     6  stm32f10x_tim.o(.text)
    TIM_GetCapture4                          0x08002f57   Thumb Code     8  stm32f10x_tim.o(.text)
    TIM_GetCounter                           0x08002f5f   Thumb Code     6  stm32f10x_tim.o(.text)
    TIM_GetPrescaler                         0x08002f65   Thumb Code     6  stm32f10x_tim.o(.text)
    TIM_GetFlagStatus                        0x08002f6b   Thumb Code    18  stm32f10x_tim.o(.text)
    TIM_ClearFlag                            0x08002f7d   Thumb Code     6  stm32f10x_tim.o(.text)
    TIM_GetITStatus                          0x08002f83   Thumb Code    34  stm32f10x_tim.o(.text)
    TIM_ClearITPendingBit                    0x08002fa5   Thumb Code     6  stm32f10x_tim.o(.text)
    __use_no_semihosting                     0x08002fab   Thumb Code     2  use_no_semi_2.o(.text)
    __2printf                                0x08002fad   Thumb Code    20  noretval__2printf.o(.text)
    _printf_str                              0x08002fc5   Thumb Code    82  _printf_str.o(.text)
    _printf_int_dec                          0x08003019   Thumb Code   104  _printf_dec.o(.text)
    __printf                                 0x08003091   Thumb Code   270  __printf_wp.o(.text)
    __use_two_region_memory                  0x0800319f   Thumb Code     2  heapauxi.o(.text)
    __rt_heap_escrow$2region                 0x080031a1   Thumb Code     2  heapauxi.o(.text)
    __rt_heap_expand$2region                 0x080031a3   Thumb Code     2  heapauxi.o(.text)
    __I$use$semihosting                      0x080031a5   Thumb Code     0  use_no_semi.o(.text)
    __use_no_semihosting_swi                 0x080031a5   Thumb Code     2  use_no_semi.o(.text)
    __read_errno                             0x080031a7   Thumb Code    10  _rserrno.o(.text)
    __set_errno                              0x080031b1   Thumb Code    12  _rserrno.o(.text)
    _printf_int_common                       0x080031bd   Thumb Code   178  _printf_intcommon.o(.text)
    __lib_sel_fp_printf                      0x0800326f   Thumb Code     2  _printf_fp_dec.o(.text)
    _printf_fp_dec_real                      0x0800341d   Thumb Code   620  _printf_fp_dec.o(.text)
    _printf_cs_common                        0x08003689   Thumb Code    20  _printf_char.o(.text)
    _printf_char                             0x0800369d   Thumb Code    16  _printf_char.o(.text)
    _printf_string                           0x080036ad   Thumb Code     8  _printf_char.o(.text)
    _printf_char_file                        0x080036b5   Thumb Code    32  _printf_char_file.o(.text)
    __rt_locale                              0x080036d9   Thumb Code     8  rt_locale_intlibspace.o(.text)
    __aeabi_errno_addr                       0x080036e1   Thumb Code     8  rt_errno_addr_intlibspace.o(.text)
    __errno$intlibspace                      0x080036e1   Thumb Code     0  rt_errno_addr_intlibspace.o(.text)
    __rt_errno_addr$intlibspace              0x080036e1   Thumb Code     0  rt_errno_addr_intlibspace.o(.text)
    _ll_udiv10                               0x080036e9   Thumb Code   138  lludiv10.o(.text)
    _printf_char_common                      0x0800377f   Thumb Code    32  _printf_char_common.o(.text)
    _printf_fp_infnan                        0x080037a5   Thumb Code   112  _printf_fp_infnan.o(.text)
    _btod_etento                             0x08003825   Thumb Code   216  bigflt0.o(.text)
    ferror                                   0x08003901   Thumb Code     8  ferror.o(.text)
    __user_libspace                          0x08003909   Thumb Code     8  libspace.o(.text)
    __user_perproc_libspace                  0x08003909   Thumb Code     0  libspace.o(.text)
    __user_perthread_libspace                0x08003909   Thumb Code     0  libspace.o(.text)
    __user_setup_stackheap                   0x08003911   Thumb Code    74  sys_stackheap_outer.o(.text)
    exit                                     0x0800395b   Thumb Code    18  exit.o(.text)
    strcmp                                   0x0800396d   Thumb Code   128  strcmpv7m.o(.text)
    _btod_d2e                                0x080039ed   Thumb Code    62  btod.o(CL$$btod_d2e)
    _d2e_denorm_low                          0x08003a2b   Thumb Code    70  btod.o(CL$$btod_d2e_denorm_low)
    _d2e_norm_op1                            0x08003a71   Thumb Code    96  btod.o(CL$$btod_d2e_norm_op1)
    __btod_div_common                        0x08003ad1   Thumb Code   696  btod.o(CL$$btod_div_common)
    _e2e                                     0x08003e09   Thumb Code   198  btod.o(CL$$btod_e2e)
    _btod_ediv                               0x08003ecf   Thumb Code    40  btod.o(CL$$btod_ediv)
    _btod_emul                               0x08003ef7   Thumb Code    40  btod.o(CL$$btod_emul)
    __btod_mult_common                       0x08003f1f   Thumb Code   580  btod.o(CL$$btod_mult_common)
    __ARM_fpclassify                         0x08004163   Thumb Code    40  fpclassify.o(i.__ARM_fpclassify)
    __kernel_poly                            0x0800418b   Thumb Code   170  poly.o(i.__kernel_poly)
    __mathlib_dbl_divzero                    0x08004235   Thumb Code    12  dunder.o(i.__mathlib_dbl_divzero)
    __mathlib_dbl_infnan2                    0x08004245   Thumb Code     4  dunder.o(i.__mathlib_dbl_infnan2)
    __mathlib_dbl_invalid                    0x08004249   Thumb Code    12  dunder.o(i.__mathlib_dbl_invalid)
    __mathlib_dbl_overflow                   0x08004255   Thumb Code    14  dunder.o(i.__mathlib_dbl_overflow)
    __mathlib_dbl_underflow                  0x08004265   Thumb Code    10  dunder.o(i.__mathlib_dbl_underflow)
    _is_digit                                0x08004275   Thumb Code    14  __printf_wp.o(i._is_digit)
    floor                                    0x08004285   Thumb Code   204  floor.o(i.floor)
    pow                                      0x08004361   Thumb Code  2512  pow.o(i.pow)
    sqrt                                     0x08004d39   Thumb Code    76  sqrt.o(i.sqrt)
    _get_lc_numeric                          0x08004d85   Thumb Code    44  lc_numeric_c.o(locale$$code)
    __aeabi_d2f                              0x08004db1   Thumb Code     0  d2f.o(x$fpl$d2f)
    _d2f                                     0x08004db1   Thumb Code    98  d2f.o(x$fpl$d2f)
    __aeabi_dadd                             0x08004e15   Thumb Code     0  daddsub_clz.o(x$fpl$dadd)
    _dadd                                    0x08004e15   Thumb Code   332  daddsub_clz.o(x$fpl$dadd)
    __fpl_dcheck_NaN1                        0x08004f65   Thumb Code    10  dcheck1.o(x$fpl$dcheck1)
    __fpl_dcmp_Inf                           0x08004f75   Thumb Code    24  dcmpi.o(x$fpl$dcmpinf)
    __aeabi_ddiv                             0x08004f8d   Thumb Code     0  ddiv.o(x$fpl$ddiv)
    _ddiv                                    0x08004f8d   Thumb Code   552  ddiv.o(x$fpl$ddiv)
    __aeabi_d2iz                             0x0800523d   Thumb Code     0  dfix.o(x$fpl$dfix)
    _dfix                                    0x0800523d   Thumb Code    94  dfix.o(x$fpl$dfix)
    __aeabi_d2uiz                            0x0800529d   Thumb Code     0  dfixu.o(x$fpl$dfixu)
    _dfixu                                   0x0800529d   Thumb Code    90  dfixu.o(x$fpl$dfixu)
    __aeabi_i2d                              0x080052f7   Thumb Code     0  dflt_clz.o(x$fpl$dflt)
    _dflt                                    0x080052f7   Thumb Code    46  dflt_clz.o(x$fpl$dflt)
    __aeabi_ui2d                             0x08005325   Thumb Code     0  dflt_clz.o(x$fpl$dfltu)
    _dfltu                                   0x08005325   Thumb Code    38  dflt_clz.o(x$fpl$dfltu)
    __aeabi_cdcmple                          0x0800534d   Thumb Code     0  dleqf.o(x$fpl$dleqf)
    _dcmple                                  0x0800534d   Thumb Code   120  dleqf.o(x$fpl$dleqf)
    __fpl_dcmple_InfNaN                      0x080053af   Thumb Code     0  dleqf.o(x$fpl$dleqf)
    __aeabi_dmul                             0x080053c5   Thumb Code     0  dmul.o(x$fpl$dmul)
    _dmul                                    0x080053c5   Thumb Code   332  dmul.o(x$fpl$dmul)
    __fpl_dnaninf                            0x08005519   Thumb Code   156  dnaninf.o(x$fpl$dnaninf)
    __fpl_dretinf                            0x080055b5   Thumb Code    12  dretinf.o(x$fpl$dretinf)
    __aeabi_cdrcmple                         0x080055c1   Thumb Code     0  drleqf.o(x$fpl$drleqf)
    _drcmple                                 0x080055c1   Thumb Code   108  drleqf.o(x$fpl$drleqf)
    __aeabi_drsub                            0x0800562d   Thumb Code     0  daddsub_clz.o(x$fpl$drsb)
    _drsb                                    0x0800562d   Thumb Code    22  daddsub_clz.o(x$fpl$drsb)
    _dsqrt                                   0x08005645   Thumb Code   456  dsqrt_noumaal.o(x$fpl$dsqrt)
    __aeabi_dsub                             0x08005811   Thumb Code     0  daddsub_clz.o(x$fpl$dsub)
    _dsub                                    0x08005811   Thumb Code   464  daddsub_clz.o(x$fpl$dsub)
    __aeabi_f2d                              0x080059e5   Thumb Code     0  f2d.o(x$fpl$f2d)
    _f2d                                     0x080059e5   Thumb Code    86  f2d.o(x$fpl$f2d)
    __aeabi_fadd                             0x08005a3d   Thumb Code     0  faddsub_clz.o(x$fpl$fadd)
    _fadd                                    0x08005a3d   Thumb Code   196  faddsub_clz.o(x$fpl$fadd)
    __fpl_fcmp_Inf                           0x08005b01   Thumb Code    24  fcmpi.o(x$fpl$fcmpinf)
    __aeabi_fdiv                             0x08005b19   Thumb Code     0  fdiv.o(x$fpl$fdiv)
    _fdiv                                    0x08005b19   Thumb Code   384  fdiv.o(x$fpl$fdiv)
    __aeabi_cfcmpeq                          0x08005c9d   Thumb Code     0  feqf.o(x$fpl$feqf)
    _fcmpeq                                  0x08005c9d   Thumb Code   104  feqf.o(x$fpl$feqf)
    __aeabi_f2iz                             0x08005d05   Thumb Code     0  ffix.o(x$fpl$ffix)
    _ffix                                    0x08005d05   Thumb Code    54  ffix.o(x$fpl$ffix)
    __aeabi_i2f                              0x08005d3d   Thumb Code     0  fflt_clz.o(x$fpl$fflt)
    _fflt                                    0x08005d3d   Thumb Code    48  fflt_clz.o(x$fpl$fflt)
    __aeabi_cfcmple                          0x08005d6d   Thumb Code     0  fleqf.o(x$fpl$fleqf)
    _fcmple                                  0x08005d6d   Thumb Code   104  fleqf.o(x$fpl$fleqf)
    __fpl_fcmple_InfNaN                      0x08005dbf   Thumb Code     0  fleqf.o(x$fpl$fleqf)
    __aeabi_fmul                             0x08005dd5   Thumb Code     0  fmul.o(x$fpl$fmul)
    _fmul                                    0x08005dd5   Thumb Code   258  fmul.o(x$fpl$fmul)
    __fpl_fnaninf                            0x08005ed7   Thumb Code   140  fnaninf.o(x$fpl$fnaninf)
    __fpl_fretinf                            0x08005f63   Thumb Code    10  fretinf.o(x$fpl$fretinf)
    __aeabi_cfrcmple                         0x08005f6d   Thumb Code     0  frleqf.o(x$fpl$frleqf)
    _frcmple                                 0x08005f6d   Thumb Code    98  frleqf.o(x$fpl$frleqf)
    __aeabi_fsub                             0x08005fd1   Thumb Code     0  faddsub_clz.o(x$fpl$fsub)
    _fsub                                    0x08005fd1   Thumb Code   234  faddsub_clz.o(x$fpl$fsub)
    _printf_fp_dec                           0x080060bb   Thumb Code     4  printf1.o(x$fpl$printf1)
    __fpl_return_NaN                         0x080060bf   Thumb Code   100  retnan.o(x$fpl$retnan)
    __ARM_scalbn                             0x08006123   Thumb Code    92  scalbn.o(x$fpl$scalbn)
    __fpl_cmpreturn                          0x0800617f   Thumb Code    48  trapv.o(x$fpl$trapveneer)
    __I$use$fp                               0x080061ae   Number         0  usenofp.o(x$fpl$usenofp)
    Kx                                       0x080061b0   Data          16  control.o(.constdata)
    Ky                                       0x080061c0   Data          16  control.o(.constdata)
    __mathlib_zero                           0x08006258   Data           8  qnan.o(.constdata)
    Region$$Table$$Base                      0x080062f4   Number         0  anon$$obj.o(Region$$Table)
    Region$$Table$$Limit                     0x08006314   Number         0  anon$$obj.o(Region$$Table)
    SystemCoreClock                          0x20000000   Data           4  system_stm32f10x.o(.data)
    AHBPrescTable                            0x20000004   Data          16  system_stm32f10x.o(.data)
    i                                        0x20000014   Data           1  control.o(.data)
    motor_Kp                                 0x20000018   Data           4  control.o(.data)
    motor_Ki                                 0x2000001c   Data           4  control.o(.data)
    motor_Kd                                 0x20000020   Data           4  control.o(.data)
    target_Vx                                0x20000024   Data           4  control.o(.data)
    target_Vy                                0x20000028   Data           4  control.o(.data)
    target_W                                 0x2000002c   Data           4  control.o(.data)
    target_Px                                0x20000030   Data           4  control.o(.data)
    target_Py                                0x20000034   Data           4  control.o(.data)
    target_yaw                               0x20000038   Data           4  control.o(.data)
    x                                        0x2000003c   Data           4  control.o(.data)
    y                                        0x20000040   Data           4  control.o(.data)
    yaw                                      0x20000044   Data           4  control.o(.data)
    __stdout                                 0x2000004c   Data           4  usart.o(.data)
    USART_RX_STA                             0x20000050   Data           2  usart.o(.data)
    Motor_pwm                                0x20000068   Data          16  control.o(.bss)
    target_wheel                             0x20000078   Data          16  control.o(.bss)
    real_wheel                               0x20000088   Data          16  control.o(.bss)
    USART_RX_BUF                             0x200000d8   Data         200  usart.o(.bss)
    __libspace_start                         0x200001a0   Data          96  libspace.o(.bss)
    __temporary_stack_top$libspace           0x20000200   Data           0  libspace.o(.bss)



==============================================================================

Memory Map of the image

  Image Entry point : 0x08000131

  Load Region LR_IROM1 (Base: 0x08000000, Size: 0x00006398, Max: 0x00040000, ABSOLUTE)

    Execution Region ER_IROM1 (Base: 0x08000000, Size: 0x00006330, Max: 0x00040000, ABSOLUTE)

    Base Addr    Size         Type   Attr      Idx    E Section Name        Object

    0x08000000   0x00000130   Data   RO          313    RESET               startup_stm32f10x_hd.o
    0x08000130   0x00000008   Code   RO          420  * !!!main             c_w.l(__main.o)
    0x08000138   0x00000034   Code   RO          768    !!!scatter          c_w.l(__scatter.o)
    0x0800016c   0x0000001a   Code   RO          770    !!handler_copy      c_w.l(__scatter_copy.o)
    0x08000186   0x00000002   PAD
    0x08000188   0x0000001c   Code   RO          772    !!handler_zi        c_w.l(__scatter_zi.o)
    0x080001a4   0x00000000   Code   RO          417    .ARM.Collect$$_printf_percent$$00000000  c_w.l(_printf_percent.o)
    0x080001a4   0x00000006   Code   RO          416    .ARM.Collect$$_printf_percent$$00000003  c_w.l(_printf_f.o)
    0x080001aa   0x00000006   Code   RO          415    .ARM.Collect$$_printf_percent$$00000009  c_w.l(_printf_d.o)
    0x080001b0   0x00000006   Code   RO          414    .ARM.Collect$$_printf_percent$$00000014  c_w.l(_printf_s.o)
    0x080001b6   0x00000004   Code   RO          505    .ARM.Collect$$_printf_percent$$00000017  c_w.l(_printf_percent_end.o)
    0x080001ba   0x00000002   Code   RO          639    .ARM.Collect$$libinit$$00000000  c_w.l(libinit.o)
    0x080001bc   0x00000000   Code   RO          641    .ARM.Collect$$libinit$$00000002  c_w.l(libinit2.o)
    0x080001bc   0x00000000   Code   RO          643    .ARM.Collect$$libinit$$00000004  c_w.l(libinit2.o)
    0x080001bc   0x00000000   Code   RO          646    .ARM.Collect$$libinit$$0000000A  c_w.l(libinit2.o)
    0x080001bc   0x00000000   Code   RO          648    .ARM.Collect$$libinit$$0000000C  c_w.l(libinit2.o)
    0x080001bc   0x00000000   Code   RO          650    .ARM.Collect$$libinit$$0000000E  c_w.l(libinit2.o)
    0x080001bc   0x00000006   Code   RO          651    .ARM.Collect$$libinit$$0000000F  c_w.l(libinit2.o)
    0x080001c2   0x00000000   Code   RO          653    .ARM.Collect$$libinit$$00000011  c_w.l(libinit2.o)
    0x080001c2   0x00000000   Code   RO          655    .ARM.Collect$$libinit$$00000013  c_w.l(libinit2.o)
    0x080001c2   0x00000000   Code   RO          657    .ARM.Collect$$libinit$$00000015  c_w.l(libinit2.o)
    0x080001c2   0x0000000a   Code   RO          658    .ARM.Collect$$libinit$$00000016  c_w.l(libinit2.o)
    0x080001cc   0x00000000   Code   RO          659    .ARM.Collect$$libinit$$00000017  c_w.l(libinit2.o)
    0x080001cc   0x00000000   Code   RO          661    .ARM.Collect$$libinit$$00000019  c_w.l(libinit2.o)
    0x080001cc   0x00000000   Code   RO          663    .ARM.Collect$$libinit$$0000001B  c_w.l(libinit2.o)
    0x080001cc   0x00000000   Code   RO          665    .ARM.Collect$$libinit$$0000001D  c_w.l(libinit2.o)
    0x080001cc   0x00000000   Code   RO          667    .ARM.Collect$$libinit$$0000001F  c_w.l(libinit2.o)
    0x080001cc   0x00000000   Code   RO          669    .ARM.Collect$$libinit$$00000021  c_w.l(libinit2.o)
    0x080001cc   0x00000000   Code   RO          671    .ARM.Collect$$libinit$$00000023  c_w.l(libinit2.o)
    0x080001cc   0x00000000   Code   RO          673    .ARM.Collect$$libinit$$00000025  c_w.l(libinit2.o)
    0x080001cc   0x00000000   Code   RO          677    .ARM.Collect$$libinit$$0000002C  c_w.l(libinit2.o)
    0x080001cc   0x00000000   Code   RO          679    .ARM.Collect$$libinit$$0000002E  c_w.l(libinit2.o)
    0x080001cc   0x00000000   Code   RO          681    .ARM.Collect$$libinit$$00000030  c_w.l(libinit2.o)
    0x080001cc   0x00000000   Code   RO          683    .ARM.Collect$$libinit$$00000032  c_w.l(libinit2.o)
    0x080001cc   0x00000002   Code   RO          684    .ARM.Collect$$libinit$$00000033  c_w.l(libinit2.o)
    0x080001ce   0x00000002   Code   RO          718    .ARM.Collect$$libshutdown$$00000000  c_w.l(libshutdown.o)
    0x080001d0   0x00000000   Code   RO          727    .ARM.Collect$$libshutdown$$00000002  c_w.l(libshutdown2.o)
    0x080001d0   0x00000000   Code   RO          729    .ARM.Collect$$libshutdown$$00000004  c_w.l(libshutdown2.o)
    0x080001d0   0x00000000   Code   RO          732    .ARM.Collect$$libshutdown$$00000007  c_w.l(libshutdown2.o)
    0x080001d0   0x00000000   Code   RO          735    .ARM.Collect$$libshutdown$$0000000A  c_w.l(libshutdown2.o)
    0x080001d0   0x00000000   Code   RO          737    .ARM.Collect$$libshutdown$$0000000C  c_w.l(libshutdown2.o)
    0x080001d0   0x00000000   Code   RO          740    .ARM.Collect$$libshutdown$$0000000F  c_w.l(libshutdown2.o)
    0x080001d0   0x00000002   Code   RO          741    .ARM.Collect$$libshutdown$$00000010  c_w.l(libshutdown2.o)
    0x080001d2   0x00000000   Code   RO          494    .ARM.Collect$$rtentry$$00000000  c_w.l(__rtentry.o)
    0x080001d2   0x00000000   Code   RO          553    .ARM.Collect$$rtentry$$00000002  c_w.l(__rtentry2.o)
    0x080001d2   0x00000006   Code   RO          565    .ARM.Collect$$rtentry$$00000004  c_w.l(__rtentry4.o)
    0x080001d8   0x00000000   Code   RO          555    .ARM.Collect$$rtentry$$00000009  c_w.l(__rtentry2.o)
    0x080001d8   0x00000004   Code   RO          556    .ARM.Collect$$rtentry$$0000000A  c_w.l(__rtentry2.o)
    0x080001dc   0x00000000   Code   RO          558    .ARM.Collect$$rtentry$$0000000C  c_w.l(__rtentry2.o)
    0x080001dc   0x00000008   Code   RO          559    .ARM.Collect$$rtentry$$0000000D  c_w.l(__rtentry2.o)
    0x080001e4   0x00000002   Code   RO          689    .ARM.Collect$$rtexit$$00000000  c_w.l(rtexit.o)
    0x080001e6   0x00000000   Code   RO          698    .ARM.Collect$$rtexit$$00000002  c_w.l(rtexit2.o)
    0x080001e6   0x00000004   Code   RO          699    .ARM.Collect$$rtexit$$00000003  c_w.l(rtexit2.o)
    0x080001ea   0x00000006   Code   RO          700    .ARM.Collect$$rtexit$$00000004  c_w.l(rtexit2.o)
    0x080001f0   0x00000080   Code   RO            1    .text               main.o
    0x08000270   0x0000001a   Code   RO          128    .text               stm32f10x_it.o
    0x0800028a   0x00000002   PAD
    0x0800028c   0x000001e0   Code   RO          169    .text               system_stm32f10x.o
    0x0800046c   0x00000050   Code   RO          187    .text               led.o
    0x080004bc   0x000001a8   Code   RO          199    .text               pwm.o
    0x08000664   0x00000684   Code   RO          211    .text               control.o
    0x08000ce8   0x00000324   Code   RO          231    .text               encoder.o
    0x0800100c   0x000000d4   Code   RO          243    .text               delay.o
    0x080010e0   0x0000048c   Code   RO          274    .text               usart.o
    0x0800156c   0x00000040   Code   RO          314    .text               startup_stm32f10x_hd.o
    0x080015ac   0x0000035c   Code   RO          318    .text               stm32f10x_gpio.o
    0x08001908   0x000003a4   Code   RO          330    .text               stm32f10x_rcc.o
    0x08001cac   0x00000408   Code   RO          344    .text               stm32f10x_usart.o
    0x080020b4   0x000000dc   Code   RO          356    .text               misc.o
    0x08002190   0x00000e1a   Code   RO          368    .text               stm32f10x_tim.o
    0x08002faa   0x00000002   Code   RO          382    .text               c_w.l(use_no_semi_2.o)
    0x08002fac   0x00000018   Code   RO          386    .text               c_w.l(noretval__2printf.o)
    0x08002fc4   0x00000052   Code   RO          390    .text               c_w.l(_printf_str.o)
    0x08003016   0x00000002   PAD
    0x08003018   0x00000078   Code   RO          392    .text               c_w.l(_printf_dec.o)
    0x08003090   0x0000010e   Code   RO          402    .text               c_w.l(__printf_wp.o)
    0x0800319e   0x00000006   Code   RO          418    .text               c_w.l(heapauxi.o)
    0x080031a4   0x00000002   Code   RO          492    .text               c_w.l(use_no_semi.o)
    0x080031a6   0x00000016   Code   RO          495    .text               c_w.l(_rserrno.o)
    0x080031bc   0x000000b2   Code   RO          497    .text               c_w.l(_printf_intcommon.o)
    0x0800326e   0x0000041a   Code   RO          499    .text               c_w.l(_printf_fp_dec.o)
    0x08003688   0x0000002c   Code   RO          501    .text               c_w.l(_printf_char.o)
    0x080036b4   0x00000024   Code   RO          503    .text               c_w.l(_printf_char_file.o)
    0x080036d8   0x00000008   Code   RO          570    .text               c_w.l(rt_locale_intlibspace.o)
    0x080036e0   0x00000008   Code   RO          575    .text               c_w.l(rt_errno_addr_intlibspace.o)
    0x080036e8   0x0000008a   Code   RO          577    .text               c_w.l(lludiv10.o)
    0x08003772   0x00000002   PAD
    0x08003774   0x00000030   Code   RO          579    .text               c_w.l(_printf_char_common.o)
    0x080037a4   0x00000080   Code   RO          581    .text               c_w.l(_printf_fp_infnan.o)
    0x08003824   0x000000dc   Code   RO          583    .text               c_w.l(bigflt0.o)
    0x08003900   0x00000008   Code   RO          608    .text               c_w.l(ferror.o)
    0x08003908   0x00000008   Code   RO          623    .text               c_w.l(libspace.o)
    0x08003910   0x0000004a   Code   RO          626    .text               c_w.l(sys_stackheap_outer.o)
    0x0800395a   0x00000012   Code   RO          630    .text               c_w.l(exit.o)
    0x0800396c   0x00000080   Code   RO          632    .text               c_w.l(strcmpv7m.o)
    0x080039ec   0x0000003e   Code   RO          586    CL$$btod_d2e        c_w.l(btod.o)
    0x08003a2a   0x00000046   Code   RO          588    CL$$btod_d2e_denorm_low  c_w.l(btod.o)
    0x08003a70   0x00000060   Code   RO          587    CL$$btod_d2e_norm_op1  c_w.l(btod.o)
    0x08003ad0   0x00000338   Code   RO          596    CL$$btod_div_common  c_w.l(btod.o)
    0x08003e08   0x000000c6   Code   RO          593    CL$$btod_e2e        c_w.l(btod.o)
    0x08003ece   0x00000028   Code   RO          590    CL$$btod_ediv       c_w.l(btod.o)
    0x08003ef6   0x00000028   Code   RO          589    CL$$btod_emul       c_w.l(btod.o)
    0x08003f1e   0x00000244   Code   RO          595    CL$$btod_mult_common  c_w.l(btod.o)
    0x08004162   0x00000028   Code   RO          539    i.__ARM_fpclassify  m_ws.l(fpclassify.o)
    0x0800418a   0x000000aa   Code   RO          541    i.__kernel_poly     m_ws.l(poly.o)
    0x08004234   0x00000010   Code   RO          525    i.__mathlib_dbl_divzero  m_ws.l(dunder.o)
    0x08004244   0x00000004   Code   RO          527    i.__mathlib_dbl_infnan2  m_ws.l(dunder.o)
    0x08004248   0x0000000c   Code   RO          528    i.__mathlib_dbl_invalid  m_ws.l(dunder.o)
    0x08004254   0x0000000e   Code   RO          529    i.__mathlib_dbl_overflow  m_ws.l(dunder.o)
    0x08004262   0x00000002   PAD
    0x08004264   0x00000010   Code   RO          531    i.__mathlib_dbl_underflow  m_ws.l(dunder.o)
    0x08004274   0x0000000e   Code   RO          404    i._is_digit         c_w.l(__printf_wp.o)
    0x08004282   0x00000002   PAD
    0x08004284   0x000000dc   Code   RO          479    i.floor             m_ws.l(floor.o)
    0x08004360   0x000009d8   Code   RO          483    i.pow               m_ws.l(pow.o)
    0x08004d38   0x0000004c   Code   RO          545    i.sqrt              m_ws.l(sqrt.o)
    0x08004d84   0x0000002c   Code   RO          613    locale$$code        c_w.l(lc_numeric_c.o)
    0x08004db0   0x00000062   Code   RO          422    x$fpl$d2f           fz_ws.l(d2f.o)
    0x08004e12   0x00000002   PAD
    0x08004e14   0x00000150   Code   RO          424    x$fpl$dadd          fz_ws.l(daddsub_clz.o)
    0x08004f64   0x00000010   Code   RO          615    x$fpl$dcheck1       fz_ws.l(dcheck1.o)
    0x08004f74   0x00000018   Code   RO          685    x$fpl$dcmpinf       fz_ws.l(dcmpi.o)
    0x08004f8c   0x000002b0   Code   RO          507    x$fpl$ddiv          fz_ws.l(ddiv.o)
    0x0800523c   0x0000005e   Code   RO          430    x$fpl$dfix          fz_ws.l(dfix.o)
    0x0800529a   0x00000002   PAD
    0x0800529c   0x0000005a   Code   RO          434    x$fpl$dfixu         fz_ws.l(dfixu.o)
    0x080052f6   0x0000002e   Code   RO          439    x$fpl$dflt          fz_ws.l(dflt_clz.o)
    0x08005324   0x00000026   Code   RO          438    x$fpl$dfltu         fz_ws.l(dflt_clz.o)
    0x0800534a   0x00000002   PAD
    0x0800534c   0x00000078   Code   RO          617    x$fpl$dleqf         fz_ws.l(dleqf.o)
    0x080053c4   0x00000154   Code   RO          444    x$fpl$dmul          fz_ws.l(dmul.o)
    0x08005518   0x0000009c   Code   RO          510    x$fpl$dnaninf       fz_ws.l(dnaninf.o)
    0x080055b4   0x0000000c   Code   RO          512    x$fpl$dretinf       fz_ws.l(dretinf.o)
    0x080055c0   0x0000006c   Code   RO          514    x$fpl$drleqf        fz_ws.l(drleqf.o)
    0x0800562c   0x00000016   Code   RO          425    x$fpl$drsb          fz_ws.l(daddsub_clz.o)
    0x08005642   0x00000002   PAD
    0x08005644   0x000001cc   Code   RO          619    x$fpl$dsqrt         fz_ws.l(dsqrt_noumaal.o)
    0x08005810   0x000001d4   Code   RO          426    x$fpl$dsub          fz_ws.l(daddsub_clz.o)
    0x080059e4   0x00000056   Code   RO          446    x$fpl$f2d           fz_ws.l(f2d.o)
    0x08005a3a   0x00000002   PAD
    0x08005a3c   0x000000c4   Code   RO          448    x$fpl$fadd          fz_ws.l(faddsub_clz.o)
    0x08005b00   0x00000018   Code   RO          516    x$fpl$fcmpinf       fz_ws.l(fcmpi.o)
    0x08005b18   0x00000184   Code   RO          455    x$fpl$fdiv          fz_ws.l(fdiv.o)
    0x08005c9c   0x00000068   Code   RO          458    x$fpl$feqf          fz_ws.l(feqf.o)
    0x08005d04   0x00000036   Code   RO          460    x$fpl$ffix          fz_ws.l(ffix.o)
    0x08005d3a   0x00000002   PAD
    0x08005d3c   0x00000030   Code   RO          465    x$fpl$fflt          fz_ws.l(fflt_clz.o)
    0x08005d6c   0x00000068   Code   RO          470    x$fpl$fleqf         fz_ws.l(fleqf.o)
    0x08005dd4   0x00000102   Code   RO          472    x$fpl$fmul          fz_ws.l(fmul.o)
    0x08005ed6   0x0000008c   Code   RO          518    x$fpl$fnaninf       fz_ws.l(fnaninf.o)
    0x08005f62   0x0000000a   Code   RO          520    x$fpl$fretinf       fz_ws.l(fretinf.o)
    0x08005f6c   0x00000062   Code   RO          474    x$fpl$frleqf        fz_ws.l(frleqf.o)
    0x08005fce   0x00000002   PAD
    0x08005fd0   0x000000ea   Code   RO          450    x$fpl$fsub          fz_ws.l(faddsub_clz.o)
    0x080060ba   0x00000004   Code   RO          476    x$fpl$printf1       fz_ws.l(printf1.o)
    0x080060be   0x00000064   Code   RO          687    x$fpl$retnan        fz_ws.l(retnan.o)
    0x08006122   0x0000005c   Code   RO          522    x$fpl$scalbn        fz_ws.l(scalbn.o)
    0x0800617e   0x00000030   Code   RO          695    x$fpl$trapveneer    fz_ws.l(trapv.o)
    0x080061ae   0x00000000   Code   RO          524    x$fpl$usenofp       fz_ws.l(usenofp.o)
    0x080061ae   0x00000002   PAD
    0x080061b0   0x00000020   Data   RO          213    .constdata          control.o
    0x080061d0   0x00000088   Data   RO          484    .constdata          m_ws.l(pow.o)
    0x08006258   0x00000008   Data   RO          543    .constdata          m_ws.l(qnan.o)
    0x08006260   0x00000094   Data   RO          584    .constdata          c_w.l(bigflt0.o)
    0x080062f4   0x00000020   Data   RO          766    Region$$Table       anon$$obj.o
    0x08006314   0x0000001c   Data   RO          612    locale$$data        c_w.l(lc_numeric_c.o)


    Execution Region RW_IRAM1 (Base: 0x20000000, Size: 0x00000800, Max: 0x0000c000, ABSOLUTE)

    Base Addr    Size         Type   Attr      Idx    E Section Name        Object

    0x20000000   0x00000014   Data   RW          170    .data               system_stm32f10x.o
    0x20000014   0x00000034   Data   RW          214    .data               control.o
    0x20000048   0x00000004   Data   RW          244    .data               delay.o
    0x2000004c   0x00000006   Data   RW          276    .data               usart.o
    0x20000052   0x00000014   Data   RW          331    .data               stm32f10x_rcc.o
    0x20000066   0x00000002   PAD
    0x20000068   0x00000070   Zero   RW          212    .bss                control.o
    0x200000d8   0x000000c8   Zero   RW          275    .bss                usart.o
    0x200001a0   0x00000060   Zero   RW          624    .bss                c_w.l(libspace.o)
    0x20000200   0x00000200   Zero   RW          312    HEAP                startup_stm32f10x_hd.o
    0x20000400   0x00000400   Zero   RW          311    STACK               startup_stm32f10x_hd.o


==============================================================================

Image component sizes


      Code (inc. data)   RO Data    RW Data    ZI Data      Debug   Object Name

      1668        362         32         52        112       3617   control.o
       212         18          0          4          0       1007   delay.o
       804         50          0          0          0       1987   encoder.o
        80          8          0          0          0        479   led.o
       128          6          0          0          0     253255   main.o
       220         22          0          0          0       1765   misc.o
       424         18          0          0          0       1202   pwm.o
        64         26        304          0       1536        784   startup_stm32f10x_hd.o
       860         38          0          0          0       5697   stm32f10x_gpio.o
        26          0          0          0          0       1162   stm32f10x_it.o
       932         36          0         20          0       8860   stm32f10x_rcc.o
      3610         88          0          0          0      22808   stm32f10x_tim.o
      1032         22          0          0          0       8424   stm32f10x_usart.o
         0          0          0          0          0         32   sys.o
       480         38          0         20          0       1683   system_stm32f10x.o
      1164         70          0          6        200       5425   usart.o

    ----------------------------------------------------------------------
     11706        802        368        104       1848     318187   Object Totals
         0          0         32          0          0          0   (incl. Generated)
         2          0          0          2          0          0   (incl. Padding)

    ----------------------------------------------------------------------

      Code (inc. data)   RO Data    RW Data    ZI Data      Debug   Library Member Name

         8          0          0          0          0         68   __main.o
       284          0          0          0          0        156   __printf_wp.o
         0          0          0          0          0          0   __rtentry.o
        12          0          0          0          0          0   __rtentry2.o
         6          0          0          0          0          0   __rtentry4.o
        52          8          0          0          0          0   __scatter.o
        26          0          0          0          0          0   __scatter_copy.o
        28          0          0          0          0          0   __scatter_zi.o
        44          0          0          0          0        108   _printf_char.o
        48          6          0          0          0         96   _printf_char_common.o
        36          4          0          0          0         80   _printf_char_file.o
         6          0          0          0          0          0   _printf_d.o
       120         16          0          0          0         92   _printf_dec.o
         6          0          0          0          0          0   _printf_f.o
      1050          0          0          0          0        216   _printf_fp_dec.o
       128         16          0          0          0         84   _printf_fp_infnan.o
       178          0          0          0          0         88   _printf_intcommon.o
         0          0          0          0          0          0   _printf_percent.o
         4          0          0          0          0          0   _printf_percent_end.o
         6          0          0          0          0          0   _printf_s.o
        82          0          0          0          0         80   _printf_str.o
        22          0          0          0          0        100   _rserrno.o
       220          4        148          0          0         96   bigflt0.o
      1910        128          0          0          0        672   btod.o
        18          0          0          0          0         80   exit.o
         8          0          0          0          0         68   ferror.o
         6          0          0          0          0        152   heapauxi.o
        44         10         28          0          0         76   lc_numeric_c.o
         2          0          0          0          0          0   libinit.o
        18          0          0          0          0          0   libinit2.o
         2          0          0          0          0          0   libshutdown.o
         2          0          0          0          0          0   libshutdown2.o
         8          4          0          0         96         68   libspace.o
       138          0          0          0          0         80   lludiv10.o
        24          4          0          0          0         84   noretval__2printf.o
         8          4          0          0          0         68   rt_errno_addr_intlibspace.o
         8          4          0          0          0         68   rt_locale_intlibspace.o
         2          0          0          0          0          0   rtexit.o
        10          0          0          0          0          0   rtexit2.o
       128          0          0          0          0         68   strcmpv7m.o
        74          0          0          0          0         80   sys_stackheap_outer.o
         2          0          0          0          0         68   use_no_semi.o
         2          0          0          0          0         68   use_no_semi_2.o
        98          4          0          0          0         92   d2f.o
       826         16          0          0          0        348   daddsub_clz.o
        16          4          0          0          0         68   dcheck1.o
        24          0          0          0          0         68   dcmpi.o
       688        140          0          0          0        208   ddiv.o
        94          4          0          0          0         92   dfix.o
        90          4          0          0          0         92   dfixu.o
        84          0          0          0          0        136   dflt_clz.o
       120          4          0          0          0         92   dleqf.o
       340         12          0          0          0        104   dmul.o
       156          4          0          0          0         92   dnaninf.o
        12          0          0          0          0         68   dretinf.o
       108          0          0          0          0         80   drleqf.o
       460         56          0          0          0        120   dsqrt_noumaal.o
        86          4          0          0          0         84   f2d.o
       430          8          0          0          0        168   faddsub_clz.o
        24          0          0          0          0         68   fcmpi.o
       388         76          0          0          0         96   fdiv.o
       104          4          0          0          0         84   feqf.o
        54          4          0          0          0         84   ffix.o
        48          0          0          0          0         68   fflt_clz.o
       104          4          0          0          0         84   fleqf.o
       258          4          0          0          0         84   fmul.o
       140          4          0          0          0         84   fnaninf.o
        10          0          0          0          0         68   fretinf.o
        98          0          0          0          0         68   frleqf.o
         4          0          0          0          0         68   printf1.o
       100          0          0          0          0         68   retnan.o
        92          0          0          0          0         68   scalbn.o
        48          0          0          0          0         68   trapv.o
         0          0          0          0          0          0   usenofp.o
        62         10          0          0          0        340   dunder.o
       220         16          0          0          0         84   floor.o
        40          0          0          0          0         68   fpclassify.o
       170          0          0          0          0         96   poly.o
      2520        190        136          0          0        324   pow.o
         0          0          8          0          0          0   qnan.o
        76          0          0          0          0         84   sqrt.o

    ----------------------------------------------------------------------
     12998        780        320          0         96       6932   Library Totals
        26          0          0          0          0          0   (incl. Padding)

    ----------------------------------------------------------------------

      Code (inc. data)   RO Data    RW Data    ZI Data      Debug   Library Name

      4780        208        176          0         96       2964   c_w.l
      5104        356          0          0          0       2972   fz_ws.l
      3088        216        144          0          0        996   m_ws.l

    ----------------------------------------------------------------------
     12998        780        320          0         96       6932   Library Totals

    ----------------------------------------------------------------------

==============================================================================


      Code (inc. data)   RO Data    RW Data    ZI Data      Debug   

     24704       1582        688        104       1944     320019   Grand Totals
     24704       1582        688        104       1944     320019   ELF Image Totals
     24704       1582        688        104          0          0   ROM Totals

==============================================================================

    Total RO  Size (Code + RO Data)                25392 (  24.80kB)
    Total RW  Size (RW Data + ZI Data)              2048 (   2.00kB)
    Total ROM Size (Code + RO Data + RW Data)      25496 (  24.90kB)

==============================================================================

